Nov 29 10:13:13 ip-172-31-28-17 kernel: Command line: BOOT_IMAGE=(hd0,gpt1)/boot/vmlinuz-6.1.158-178.288.amzn2023.x86_64 root=UUID=9a57ac2f-bfe7-4e29-bf89-56caddc22c97 ro console=tty0 console=ttyS0,115200n8 nvme_core.io_timeout=4294967295 rd.emergency=poweroff rd.shell=0 selinux=1 security=selinux quiet
Nov 29 10:13:13 ip-172-31-28-17 kernel: KASLR enabled
Nov 29 10:13:13 ip-172-31-28-17 kernel: BIOS-provided physical RAM map:
Nov 29 10:13:13 ip-172-31-28-17 kernel: BIOS-e820: [mem 0x0000000000000000-0x000000000009ffff] usable
Nov 29 10:13:13 ip-172-31-28-17 kernel: BIOS-e820: [mem 0x0000000000100000-0x00000000786cdfff] usable
Nov 29 10:13:13 ip-172-31-28-17 kernel: BIOS-e820: [mem 0x00000000786ce000-0x000000007894dfff] reserved
Nov 29 10:13:13 ip-172-31-28-17 kernel: BIOS-e820: [mem 0x000000007894e000-0x000000007895dfff] ACPI data
Nov 29 10:13:13 ip-172-31-28-17 kernel: BIOS-e820: [mem 0x000000007895e000-0x00000000789ddfff] ACPI NVS
Nov 29 10:13:13 ip-172-31-28-17 kernel: BIOS-e820: [mem 0x00000000789de000-0x000000007c97bfff] usable
Nov 29 10:13:13 ip-172-31-28-17 kernel: BIOS-e820: [mem 0x000000007c97c000-0x000000007c9fffff] reserved
Nov 29 10:13:13 ip-172-31-28-17 kernel: NX (Execute Disable) protection: active
Nov 29 10:13:13 ip-172-31-28-17 kernel: extended physical RAM map:
Nov 29 10:13:13 ip-172-31-28-17 kernel: reserve setup_data: [mem 0x0000000000000000-0x000000000009ffff] usable
Nov 29 10:13:13 ip-172-31-28-17 kernel: reserve setup_data: [mem 0x0000000000100000-0x00000000768be017] usable
Nov 29 10:13:13 ip-172-31-28-17 kernel: reserve setup_data: [mem 0x00000000768be018-0x00000000768c6e57] usable
Nov 29 10:13:13 ip-172-31-28-17 kernel: reserve setup_data: [mem 0x00000000768c6e58-0x00000000786cdfff] usable
Nov 29 10:13:13 ip-172-31-28-17 kernel: reserve setup_data: [mem 0x00000000786ce000-0x000000007894dfff] reserved
Nov 29 10:13:13 ip-172-31-28-17 kernel: reserve setup_data: [mem 0x000000007894e000-0x000000007895dfff] ACPI data
Nov 29 10:13:13 ip-172-31-28-17 kernel: reserve setup_data: [mem 0x000000007895e000-0x00000000789ddfff] ACPI NVS
Nov 29 10:13:13 ip-172-31-28-17 kernel: reserve setup_data: [mem 0x00000000789de000-0x000000007c97bfff] usable
Nov 29 10:13:13 ip-172-31-28-17 kernel: reserve setup_data: [mem 0x000000007c97c000-0x000000007c9fffff] reserved
Nov 29 10:13:13 ip-172-31-28-17 kernel: efi: EFI v2.70 by EDK II
Nov 29 10:13:13 ip-172-31-28-17 kernel: efi: SMBIOS=0x7886a000 ACPI=0x7895d000 ACPI 2.0=0x7895d014 MEMATTR=0x7703ba98 
Nov 29 10:13:13 ip-172-31-28-17 kernel: SMBIOS 2.7 present.
Nov 29 10:13:13 ip-172-31-28-17 kernel: DMI: Amazon EC2 t3.small/, BIOS 1.0 10/16/2017
Nov 29 10:13:13 ip-172-31-28-17 kernel: Hypervisor detected: KVM
Nov 29 10:13:13 ip-172-31-28-17 kernel: kvm-clock: Using msrs 4b564d01 and 4b564d00
Nov 29 10:13:13 ip-172-31-28-17 kernel: kvm-clock: using sched offset of 2052543689 cycles
Nov 29 10:13:13 ip-172-31-28-17 kernel: clocksource: kvm-clock: mask: 0xffffffffffffffff max_cycles: 0x1cd42e4dffb, max_idle_ns: 881590591483 ns
Nov 29 10:13:13 ip-172-31-28-17 kernel: tsc: Detected 2499.996 MHz processor
Nov 29 10:13:13 ip-172-31-28-17 kernel: last_pfn = 0x7c97c max_arch_pfn = 0x400000000
Nov 29 10:13:13 ip-172-31-28-17 kernel: x86/PAT: Configuration [0-7]: WB  WC  UC- UC  WB  WP  UC- WT  
Nov 29 10:13:13 ip-172-31-28-17 kernel: Using GB pages for direct mapping
Nov 29 10:13:13 ip-172-31-28-17 kernel: Secure boot disabled
Nov 29 10:13:13 ip-172-31-28-17 kernel: RAMDISK: [mem 0x71f55000-0x732cafff]
Nov 29 10:13:13 ip-172-31-28-17 kernel: ACPI: Early table checksum verification disabled
Nov 29 10:13:13 ip-172-31-28-17 kernel: ACPI: RSDP 0x000000007895D014 000024 (v02 AMAZON)
Nov 29 10:13:13 ip-172-31-28-17 kernel: ACPI: XSDT 0x000000007895C0E8 00006C (v01 AMAZON AMZNFACP 00000001      01000013)
Nov 29 10:13:13 ip-172-31-28-17 kernel: ACPI: FACP 0x0000000078955000 000114 (v01 AMAZON AMZNFACP 00000001 AMZN 00000001)
Nov 29 10:13:13 ip-172-31-28-17 kernel: ACPI: DSDT 0x0000000078956000 00115A (v01 AMAZON AMZNDSDT 00000001 AMZN 00000001)
Nov 29 10:13:13 ip-172-31-28-17 kernel: ACPI: FACS 0x00000000789D0000 000040
Nov 29 10:13:13 ip-172-31-28-17 kernel: ACPI: WAET 0x000000007895B000 000028 (v01 AMAZON AMZNWAET 00000001 AMZN 00000001)
Nov 29 10:13:13 ip-172-31-28-17 kernel: ACPI: SLIT 0x000000007895A000 00006C (v01 AMAZON AMZNSLIT 00000001 AMZN 00000001)
Nov 29 10:13:13 ip-172-31-28-17 kernel: ACPI: APIC 0x0000000078959000 000076 (v01 AMAZON AMZNAPIC 00000001 AMZN 00000001)
Nov 29 10:13:13 ip-172-31-28-17 kernel: ACPI: SRAT 0x0000000078958000 0000A0 (v01 AMAZON AMZNSRAT 00000001 AMZN 00000001)
Nov 29 10:13:13 ip-172-31-28-17 kernel: ACPI: HPET 0x0000000078954000 000038 (v01 AMAZON AMZNHPET 00000001 AMZN 00000001)
Nov 29 10:13:13 ip-172-31-28-17 kernel: ACPI: SSDT 0x0000000078953000 000759 (v01 AMAZON AMZNSSDT 00000001 AMZN 00000001)
Nov 29 10:13:13 ip-172-31-28-17 kernel: ACPI: SSDT 0x0000000078952000 00007F (v01 AMAZON AMZNSSDT 00000001 AMZN 00000001)
Nov 29 10:13:13 ip-172-31-28-17 kernel: ACPI: BGRT 0x0000000078951000 000038 (v01 AMAZON AMAZON   00000002      01000013)
Nov 29 10:13:13 ip-172-31-28-17 kernel: ACPI: Reserving FACP table memory at [mem 0x78955000-0x78955113]
Nov 29 10:13:13 ip-172-31-28-17 kernel: ACPI: Reserving DSDT table memory at [mem 0x78956000-0x78957159]
Nov 29 10:13:13 ip-172-31-28-17 kernel: ACPI: Reserving FACS table memory at [mem 0x789d0000-0x789d003f]
Nov 29 10:13:13 ip-172-31-28-17 kernel: ACPI: Reserving WAET table memory at [mem 0x7895b000-0x7895b027]
Nov 29 10:13:13 ip-172-31-28-17 kernel: ACPI: Reserving SLIT table memory at [mem 0x7895a000-0x7895a06b]
Nov 29 10:13:13 ip-172-31-28-17 kernel: ACPI: Reserving APIC table memory at [mem 0x78959000-0x78959075]
Nov 29 10:13:13 ip-172-31-28-17 kernel: ACPI: Reserving SRAT table memory at [mem 0x78958000-0x7895809f]
Nov 29 10:13:13 ip-172-31-28-17 kernel: ACPI: Reserving HPET table memory at [mem 0x78954000-0x78954037]
Nov 29 10:13:13 ip-172-31-28-17 kernel: ACPI: Reserving SSDT table memory at [mem 0x78953000-0x78953758]
Nov 29 10:13:13 ip-172-31-28-17 kernel: ACPI: Reserving SSDT table memory at [mem 0x78952000-0x7895207e]
Nov 29 10:13:13 ip-172-31-28-17 kernel: ACPI: Reserving BGRT table memory at [mem 0x78951000-0x78951037]
Nov 29 10:13:13 ip-172-31-28-17 kernel: SRAT: PXM 0 -> APIC 0x00 -> Node 0
Nov 29 10:13:13 ip-172-31-28-17 kernel: SRAT: PXM 0 -> APIC 0x01 -> Node 0
Nov 29 10:13:13 ip-172-31-28-17 kernel: ACPI: SRAT: Node 0 PXM 0 [mem 0x00000000-0x7fffffff]
Nov 29 10:13:13 ip-172-31-28-17 kernel: NODE_DATA(0) allocated [mem 0x7a8ca000-0x7a8f4fff]
Nov 29 10:13:13 ip-172-31-28-17 kernel: Zone ranges:
Nov 29 10:13:13 ip-172-31-28-17 kernel:  DMA      [mem 0x0000000000001000-0x0000000000ffffff]
Nov 29 10:13:13 ip-172-31-28-17 kernel:  DMA32    [mem 0x0000000001000000-0x000000007c97bfff]
Nov 29 10:13:13 ip-172-31-28-17 kernel:  Normal   empty
Nov 29 10:13:13 ip-172-31-28-17 kernel:  Device   empty
Nov 29 10:13:13 ip-172-31-28-17 kernel: Movable zone start for each node
Nov 29 10:13:13 ip-172-31-28-17 kernel: Early memory node ranges
Nov 29 10:13:13 ip-172-31-28-17 kernel:  node   0: [mem 0x0000000000001000-0x000000000009ffff]
Nov 29 10:13:13 ip-172-31-28-17 kernel:  node   0: [mem 0x0000000000100000-0x00000000786cdfff]
Nov 29 10:13:13 ip-172-31-28-17 kernel:  node   0: [mem 0x00000000789de000-0x000000007c97bfff]
Nov 29 10:13:13 ip-172-31-28-17 kernel: Initmem setup node 0 [mem 0x0000000000001000-0x000000007c97bfff]
Nov 29 10:13:13 ip-172-31-28-17 kernel: On node 0, zone DMA: 1 pages in unavailable ranges
Nov 29 10:13:13 ip-172-31-28-17 kernel: On node 0, zone DMA: 96 pages in unavailable ranges
Nov 29 10:13:13 ip-172-31-28-17 kernel: On node 0, zone DMA32: 784 pages in unavailable ranges
Nov 29 10:13:13 ip-172-31-28-17 kernel: On node 0, zone DMA32: 13956 pages in unavailable ranges
Nov 29 10:13:13 ip-172-31-28-17 kernel: ACPI: PM-Timer IO Port: 0xb008
Nov 29 10:13:13 ip-172-31-28-17 kernel: ACPI: LAPIC_NMI (acpi_id[0xff] dfl dfl lint[0x1])
Nov 29 10:13:13 ip-172-31-28-17 kernel: IOAPIC[0]: apic_id 0, version 32, address 0xfec00000, GSI 0-23
Nov 29 10:13:13 ip-172-31-28-17 kernel: ACPI: INT_SRC_OVR (bus 0 bus_irq 5 global_irq 5 high level)
Nov 29 10:13:13 ip-172-31-28-17 kernel: ACPI: INT_SRC_OVR (bus 0 bus_irq 9 global_irq 9 high level)
Nov 29 10:13:13 ip-172-31-28-17 kernel: ACPI: INT_SRC_OVR (bus 0 bus_irq 10 global_irq 10 high level)
Nov 29 10:13:13 ip-172-31-28-17 kernel: ACPI: INT_SRC_OVR (bus 0 bus_irq 11 global_irq 11 high level)
Nov 29 10:13:13 ip-172-31-28-17 kernel: ACPI: Using ACPI (MADT) for SMP configuration information
Nov 29 10:13:13 ip-172-31-28-17 kernel: ACPI: HPET id: 0x8086a201 base: 0xfed00000
Nov 29 10:13:13 ip-172-31-28-17 kernel: TSC deadline timer available
Nov 29 10:13:13 ip-172-31-28-17 kernel: smpboot: Allowing 2 CPUs, 0 hotplug CPUs
Nov 29 10:13:13 ip-172-31-28-17 kernel: PM: hibernation: Registered nosave memory: [mem 0x00000000-0x00000fff]
Nov 29 10:13:13 ip-172-31-28-17 kernel: PM: hibernation: Registered nosave memory: [mem 0x000a0000-0x000fffff]
Nov 29 10:13:13 ip-172-31-28-17 kernel: PM: hibernation: Registered nosave memory: [mem 0x786ce000-0x789ddfff]
Nov 29 10:13:13 ip-172-31-28-17 kernel: [mem 0x7ca00000-0xffffffff] available for PCI devices
Nov 29 10:13:13 ip-172-31-28-17 kernel: Booting paravirtualized kernel on KVM
Nov 29 10:13:13 ip-172-31-28-17 kernel: clocksource: refined-jiffies: mask: 0xffffffff max_cycles: 0xffffffff, max_idle_ns: 19112604462750000 ns
Nov 29 10:13:13 ip-172-31-28-17 kernel: setup_percpu: NR_CPUS:8192 nr_cpumask_bits:2 nr_cpu_ids:2 nr_node_ids:1
Nov 29 10:13:13 ip-172-31-28-17 kernel: percpu: Embedded 60 pages/cpu s208896 r8192 d28672 u1048576
Nov 29 10:13:13 ip-172-31-28-17 kernel: kvm-guest: PV spinlocks enabled
Nov 29 10:13:13 ip-172-31-28-17 kernel: PV qspinlock hash table entries: 256 (order: 0, 4096 bytes, linear)
Nov 29 10:13:13 ip-172-31-28-17 kernel: Fallback order for Node 0: 0 
Nov 29 10:13:13 ip-172-31-28-17 kernel: Built 1 zonelists, mobility grouping on.  Total pages: 501318
Nov 29 10:13:13 ip-172-31-28-17 kernel: Policy zone: DMA32
Nov 29 10:13:13 ip-172-31-28-17 kernel: Kernel command line: BOOT_IMAGE=(hd0,gpt1)/boot/vmlinuz-6.1.158-178.288.amzn2023.x86_64 root=UUID=9a57ac2f-bfe7-4e29-bf89-56caddc22c97 ro console=tty0 console=ttyS0,115200n8 nvme_core.io_timeout=4294967295 rd.emergency=poweroff rd.shell=0 selinux=1 security=selinux quiet
Nov 29 10:13:13 ip-172-31-28-17 kernel: random: crng init done
Nov 29 10:13:13 ip-172-31-28-17 kernel: Dentry cache hash table entries: 262144 (order: 9, 2097152 bytes, linear)
Nov 29 10:13:13 ip-172-31-28-17 kernel: Inode-cache hash table entries: 131072 (order: 8, 1048576 bytes, linear)
Nov 29 10:13:13 ip-172-31-28-17 kernel: mem auto-init: stack:off, heap alloc:off, heap free:off
Nov 29 10:13:13 ip-172-31-28-17 kernel: Memory: 260860K/2037804K available (14347K kernel code, 9298K rwdata, 8916K rodata, 2452K init, 18672K bss, 163372K reserved, 0K cma-reserved)
Nov 29 10:13:13 ip-172-31-28-17 kernel: SLUB: HWalign=64, Order=0-3, MinObjects=0, CPUs=2, Nodes=1
Nov 29 10:13:13 ip-172-31-28-17 kernel: Kernel/User page tables isolation: enabled
Nov 29 10:13:13 ip-172-31-28-17 kernel: ftrace: allocating 41879 entries in 164 pages
Nov 29 10:13:13 ip-172-31-28-17 kernel: ftrace: allocated 164 pages with 3 groups
Nov 29 10:13:13 ip-172-31-28-17 kernel: Dynamic Preempt: none
Nov 29 10:13:13 ip-172-31-28-17 kernel: rcu: Preemptible hierarchical RCU implementation.
Nov 29 10:13:13 ip-172-31-28-17 kernel: rcu: #011RCU restricting CPUs from NR_CPUS=8192 to nr_cpu_ids=2.
Nov 29 10:13:13 ip-172-31-28-17 kernel: #011Trampoline variant of Tasks RCU enabled.
Nov 29 10:13:13 ip-172-31-28-17 kernel: #011Rude variant of Tasks RCU enabled.
Nov 29 10:13:13 ip-172-31-28-17 kernel: #011Tracing variant of Tasks RCU enabled.
Nov 29 10:13:13 ip-172-31-28-17 kernel: rcu: RCU calculated value of scheduler-enlistment delay is 10 jiffies.
Nov 29 10:13:13 ip-172-31-28-17 kernel: rcu: Adjusting geometry for rcu_fanout_leaf=16, nr_cpu_ids=2
Nov 29 10:13:13 ip-172-31-28-17 kernel: NR_IRQS: 524544, nr_irqs: 440, preallocated irqs: 16
Nov 29 10:13:13 ip-172-31-28-17 kernel: rcu: srcu_init: Setting srcu_struct sizes based on contention.
Nov 29 10:13:13 ip-172-31-28-17 kernel: Console: colour dummy device 80x25
Nov 29 10:13:13 ip-172-31-28-17 kernel: printk: console [tty0] enabled
Nov 29 10:13:13 ip-172-31-28-17 kernel: printk: console [ttyS0] enabled
Nov 29 10:13:13 ip-172-31-28-17 kernel: ACPI: Core revision 20220331
Nov 29 10:13:13 ip-172-31-28-17 kernel: clocksource: hpet: mask: 0xffffffff max_cycles: 0xffffffff, max_idle_ns: 30580167144 ns
Nov 29 10:13:13 ip-172-31-28-17 kernel: APIC: Switch to symmetric I/O mode setup
Nov 29 10:13:13 ip-172-31-28-17 kernel: x2apic enabled
Nov 29 10:13:13 ip-172-31-28-17 kernel: Switched APIC routing to physical x2apic.
Nov 29 10:13:13 ip-172-31-28-17 kernel: clocksource: tsc-early: mask: 0xffffffffffffffff max_cycles: 0x24093623c91, max_idle_ns: 440795291220 ns
Nov 29 10:13:13 ip-172-31-28-17 kernel: Calibrating delay loop (skipped) preset value.. 4999.99 BogoMIPS (lpj=24999960)
Nov 29 10:13:13 ip-172-31-28-17 kernel: Last level iTLB entries: 4KB 64, 2MB 8, 4MB 8
Nov 29 10:13:13 ip-172-31-28-17 kernel: Last level dTLB entries: 4KB 64, 2MB 32, 4MB 32, 1GB 4
Nov 29 10:13:13 ip-172-31-28-17 kernel: Spectre V1 : Mitigation: usercopy/swapgs barriers and __user pointer sanitization
Nov 29 10:13:13 ip-172-31-28-17 kernel: Spectre V2 : Mitigation: Retpolines
Nov 29 10:13:13 ip-172-31-28-17 kernel: Spectre V2 : Spectre v2 / SpectreRSB: Filling RSB on context switch and VMEXIT
Nov 29 10:13:13 ip-172-31-28-17 kernel: RETBleed: WARNING: Spectre v2 mitigation leaves CPU vulnerable to RETBleed attacks, data leaks possible!
Nov 29 10:13:13 ip-172-31-28-17 kernel: RETBleed: Vulnerable
Nov 29 10:13:13 ip-172-31-28-17 kernel: Speculative Store Bypass: Vulnerable
Nov 29 10:13:13 ip-172-31-28-17 kernel: MDS: Vulnerable: Clear CPU buffers attempted, no microcode
Nov 29 10:13:13 ip-172-31-28-17 kernel: MMIO Stale Data: Vulnerable: Clear CPU buffers attempted, no microcode
Nov 29 10:13:13 ip-172-31-28-17 kernel: GDS: Unknown: Dependent on hypervisor status
Nov 29 10:13:13 ip-172-31-28-17 kernel: active return thunk: its_return_thunk
Nov 29 10:13:13 ip-172-31-28-17 kernel: ITS: Mitigation: Aligned branch/return thunks
Nov 29 10:13:13 ip-172-31-28-17 kernel: x86/fpu: Supporting XSAVE feature 0x001: 'x87 floating point registers'
Nov 29 10:13:13 ip-172-31-28-17 kernel: x86/fpu: Supporting XSAVE feature 0x002: 'SSE registers'
Nov 29 10:13:13 ip-172-31-28-17 kernel: x86/fpu: Supporting XSAVE feature 0x004: 'AVX registers'
Nov 29 10:13:13 ip-172-31-28-17 kernel: x86/fpu: Supporting XSAVE feature 0x008: 'MPX bounds registers'
Nov 29 10:13:13 ip-172-31-28-17 kernel: x86/fpu: Supporting XSAVE feature 0x010: 'MPX CSR'
Nov 29 10:13:13 ip-172-31-28-17 kernel: x86/fpu: Supporting XSAVE feature 0x020: 'AVX-512 opmask'
Nov 29 10:13:13 ip-172-31-28-17 kernel: x86/fpu: Supporting XSAVE feature 0x040: 'AVX-512 Hi256'
Nov 29 10:13:13 ip-172-31-28-17 kernel: x86/fpu: Supporting XSAVE feature 0x080: 'AVX-512 ZMM_Hi256'
Nov 29 10:13:13 ip-172-31-28-17 kernel: x86/fpu: Supporting XSAVE feature 0x200: 'Protection Keys User registers'
Nov 29 10:13:13 ip-172-31-28-17 kernel: x86/fpu: xstate_offset[2]:  576, xstate_sizes[2]:  256
Nov 29 10:13:13 ip-172-31-28-17 kernel: x86/fpu: xstate_offset[3]:  832, xstate_sizes[3]:   64
Nov 29 10:13:13 ip-172-31-28-17 kernel: x86/fpu: xstate_offset[4]:  896, xstate_sizes[4]:   64
Nov 29 10:13:13 ip-172-31-28-17 kernel: x86/fpu: xstate_offset[5]:  960, xstate_sizes[5]:   64
Nov 29 10:13:13 ip-172-31-28-17 kernel: x86/fpu: xstate_offset[6]: 1024, xstate_sizes[6]:  512
Nov 29 10:13:13 ip-172-31-28-17 kernel: x86/fpu: xstate_offset[7]: 1536, xstate_sizes[7]: 1024
Nov 29 10:13:13 ip-172-31-28-17 kernel: x86/fpu: xstate_offset[9]: 2560, xstate_sizes[9]:    8
Nov 29 10:13:13 ip-172-31-28-17 kernel: x86/fpu: Enabled xstate features 0x2ff, context size is 2568 bytes, using 'compacted' format.
Nov 29 10:13:13 ip-172-31-28-17 kernel: Freeing SMP alternatives memory: 36K
Nov 29 10:13:13 ip-172-31-28-17 kernel: pid_max: default: 32768 minimum: 301
Nov 29 10:13:13 ip-172-31-28-17 kernel: LSM: Security Framework initializing
Nov 29 10:13:13 ip-172-31-28-17 kernel: landlock: Up and running.
Nov 29 10:13:13 ip-172-31-28-17 kernel: Yama: becoming mindful.
Nov 29 10:13:13 ip-172-31-28-17 kernel: SELinux:  Initializing.
Nov 29 10:13:13 ip-172-31-28-17 kernel: LSM support for eBPF active
Nov 29 10:13:13 ip-172-31-28-17 kernel: Mount-cache hash table entries: 4096 (order: 3, 32768 bytes, linear)
Nov 29 10:13:13 ip-172-31-28-17 kernel: Mountpoint-cache hash table entries: 4096 (order: 3, 32768 bytes, linear)
Nov 29 10:13:13 ip-172-31-28-17 kernel: smpboot: CPU0: Intel(R) Xeon(R) Platinum 8259CL CPU @ 2.50GHz (family: 0x6, model: 0x55, stepping: 0x7)
Nov 29 10:13:13 ip-172-31-28-17 kernel: cblist_init_generic: Setting adjustable number of callback queues.
Nov 29 10:13:13 ip-172-31-28-17 kernel: cblist_init_generic: Setting shift to 1 and lim to 1.
Nov 29 10:13:13 ip-172-31-28-17 kernel: cblist_init_generic: Setting adjustable number of callback queues.
Nov 29 10:13:13 ip-172-31-28-17 kernel: cblist_init_generic: Setting shift to 1 and lim to 1.
Nov 29 10:13:13 ip-172-31-28-17 kernel: cblist_init_generic: Setting adjustable number of callback queues.
Nov 29 10:13:13 ip-172-31-28-17 kernel: cblist_init_generic: Setting shift to 1 and lim to 1.
Nov 29 10:13:13 ip-172-31-28-17 kernel: Performance Events: unsupported p6 CPU model 85 no PMU driver, software events only.
Nov 29 10:13:13 ip-172-31-28-17 kernel: signal: max sigframe size: 3632
Nov 29 10:13:13 ip-172-31-28-17 kernel: rcu: Hierarchical SRCU implementation.
Nov 29 10:13:13 ip-172-31-28-17 kernel: rcu: #011Max phase no-delay instances is 1000.
Nov 29 10:13:13 ip-172-31-28-17 kernel: smp: Bringing up secondary CPUs ...
Nov 29 10:13:13 ip-172-31-28-17 kernel: x86: Booting SMP configuration:
Nov 29 10:13:13 ip-172-31-28-17 kernel: .... node  #0, CPUs:      #1
Nov 29 10:13:13 ip-172-31-28-17 kernel: MDS CPU bug present and SMT on, data leak possible. See https://www.kernel.org/doc/html/latest/admin-guide/hw-vuln/mds.html for more details.
Nov 29 10:13:13 ip-172-31-28-17 kernel: MMIO Stale Data CPU bug present and SMT on, data leak possible. See https://www.kernel.org/doc/html/latest/admin-guide/hw-vuln/processor_mmio_stale_data.html for more details.
Nov 29 10:13:13 ip-172-31-28-17 kernel: smp: Brought up 1 node, 2 CPUs
Nov 29 10:13:13 ip-172-31-28-17 kernel: smpboot: Max logical packages: 1
Nov 29 10:13:13 ip-172-31-28-17 kernel: smpboot: Total of 2 processors activated (9999.98 BogoMIPS)
Nov 29 10:13:13 ip-172-31-28-17 kernel: node 0 deferred pages initialised in 10ms
Nov 29 10:13:13 ip-172-31-28-17 kernel: devtmpfs: initialized
Nov 29 10:13:13 ip-172-31-28-17 kernel: x86/mm: Memory block size: 128MB
Nov 29 10:13:13 ip-172-31-28-17 kernel: ACPI: PM: Registering ACPI NVS region [mem 0x7895e000-0x789ddfff] (524288 bytes)
Nov 29 10:13:13 ip-172-31-28-17 kernel: clocksource: jiffies: mask: 0xffffffff max_cycles: 0xffffffff, max_idle_ns: 19112604462750000 ns
Nov 29 10:13:13 ip-172-31-28-17 kernel: futex hash table entries: 512 (order: 3, 32768 bytes, linear)
Nov 29 10:13:13 ip-172-31-28-17 kernel: NET: Registered PF_NETLINK/PF_ROUTE protocol family
Nov 29 10:13:13 ip-172-31-28-17 kernel: DMA: preallocated 256 KiB GFP_KERNEL pool for atomic allocations
Nov 29 10:13:13 ip-172-31-28-17 kernel: DMA: preallocated 256 KiB GFP_KERNEL|GFP_DMA pool for atomic allocations
Nov 29 10:13:13 ip-172-31-28-17 kernel: DMA: preallocated 256 KiB GFP_KERNEL|GFP_DMA32 pool for atomic allocations
Nov 29 10:13:13 ip-172-31-28-17 kernel: audit: initializing netlink subsys (disabled)
Nov 29 10:13:13 ip-172-31-28-17 kernel: audit: type=2000 audit(1764411193.884:1): state=initialized audit_enabled=0 res=1
Nov 29 10:13:13 ip-172-31-28-17 kernel: thermal_sys: Registered thermal governor 'fair_share'
Nov 29 10:13:13 ip-172-31-28-17 kernel: thermal_sys: Registered thermal governor 'step_wise'
Nov 29 10:13:13 ip-172-31-28-17 kernel: thermal_sys: Registered thermal governor 'user_space'
Nov 29 10:13:13 ip-172-31-28-17 kernel: cpuidle: using governor ladder
Nov 29 10:13:13 ip-172-31-28-17 kernel: cpuidle: using governor menu
Nov 29 10:13:13 ip-172-31-28-17 kernel: acpiphp: ACPI Hot Plug PCI Controller Driver version: 0.5
Nov 29 10:13:13 ip-172-31-28-17 kernel: PCI: Using configuration type 1 for base access
Nov 29 10:13:13 ip-172-31-28-17 kernel: kprobes: kprobe jump-optimization is enabled. All kprobes are optimized if possible.
Nov 29 10:13:13 ip-172-31-28-17 kernel: HugeTLB: registered 1.00 GiB page size, pre-allocated 0 pages
Nov 29 10:13:13 ip-172-31-28-17 kernel: HugeTLB: 16380 KiB vmemmap can be freed for a 1.00 GiB page
Nov 29 10:13:13 ip-172-31-28-17 kernel: HugeTLB: registered 2.00 MiB page size, pre-allocated 0 pages
Nov 29 10:13:13 ip-172-31-28-17 kernel: HugeTLB: 28 KiB vmemmap can be freed for a 2.00 MiB page
Nov 29 10:13:13 ip-172-31-28-17 kernel: cryptd: max_cpu_qlen set to 1000
Nov 29 10:13:13 ip-172-31-28-17 kernel: ACPI: Added _OSI(Module Device)
Nov 29 10:13:13 ip-172-31-28-17 kernel: ACPI: Added _OSI(Processor Device)
Nov 29 10:13:13 ip-172-31-28-17 kernel: ACPI: Added _OSI(Processor Aggregator Device)
Nov 29 10:13:13 ip-172-31-28-17 kernel: ACPI: 3 ACPI AML tables successfully acquired and loaded
Nov 29 10:13:13 ip-172-31-28-17 kernel: ACPI: Interpreter enabled
Nov 29 10:13:13 ip-172-31-28-17 kernel: ACPI: PM: (supports S0 S4 S5)
Nov 29 10:13:13 ip-172-31-28-17 kernel: ACPI: Using IOAPIC for interrupt routing
Nov 29 10:13:13 ip-172-31-28-17 kernel: PCI: Using host bridge windows from ACPI; if necessary, use "pci=nocrs" and report a bug
Nov 29 10:13:13 ip-172-31-28-17 kernel: PCI: Using E820 reservations for host bridge windows
Nov 29 10:13:13 ip-172-31-28-17 kernel: ACPI: Enabled 2 GPEs in block 00 to 0F
Nov 29 10:13:13 ip-172-31-28-17 kernel: ACPI: PCI Root Bridge [PCI0] (domain 0000 [bus 00-ff])
Nov 29 10:13:13 ip-172-31-28-17 kernel: acpi PNP0A03:00: _OSC: OS supports [ASPM ClockPM Segments MSI HPX-Type3]
Nov 29 10:13:13 ip-172-31-28-17 kernel: acpi PNP0A03:00: _OSC: not requesting OS control; OS requires [ExtendedConfig ASPM ClockPM MSI]
Nov 29 10:13:13 ip-172-31-28-17 kernel: acpi PNP0A03:00: fail to add MMCONFIG information, can't access extended PCI configuration space under this bridge.
Nov 29 10:13:13 ip-172-31-28-17 kernel: acpiphp: Slot [3] registered
Nov 29 10:13:13 ip-172-31-28-17 kernel: acpiphp: Slot [4] registered
Nov 29 10:13:13 ip-172-31-28-17 kernel: acpiphp: Slot [5] registered
Nov 29 10:13:13 ip-172-31-28-17 kernel: acpiphp: Slot [6] registered
Nov 29 10:13:13 ip-172-31-28-17 kernel: acpiphp: Slot [7] registered
Nov 29 10:13:13 ip-172-31-28-17 kernel: acpiphp: Slot [8] registered
Nov 29 10:13:13 ip-172-31-28-17 kernel: acpiphp: Slot [9] registered
Nov 29 10:13:13 ip-172-31-28-17 kernel: acpiphp: Slot [10] registered
Nov 29 10:13:13 ip-172-31-28-17 kernel: acpiphp: Slot [11] registered
Nov 29 10:13:13 ip-172-31-28-17 kernel: acpiphp: Slot [12] registered
Nov 29 10:13:13 ip-172-31-28-17 kernel: acpiphp: Slot [13] registered
Nov 29 10:13:13 ip-172-31-28-17 kernel: acpiphp: Slot [14] registered
Nov 29 10:13:13 ip-172-31-28-17 kernel: acpiphp: Slot [15] registered
Nov 29 10:13:13 ip-172-31-28-17 kernel: acpiphp: Slot [16] registered
Nov 29 10:13:13 ip-172-31-28-17 kernel: acpiphp: Slot [17] registered
Nov 29 10:13:13 ip-172-31-28-17 kernel: acpiphp: Slot [18] registered
Nov 29 10:13:13 ip-172-31-28-17 kernel: acpiphp: Slot [19] registered
Nov 29 10:13:13 ip-172-31-28-17 kernel: acpiphp: Slot [20] registered
Nov 29 10:13:13 ip-172-31-28-17 kernel: acpiphp: Slot [21] registered
Nov 29 10:13:13 ip-172-31-28-17 kernel: acpiphp: Slot [22] registered
Nov 29 10:13:13 ip-172-31-28-17 kernel: acpiphp: Slot [23] registered
Nov 29 10:13:13 ip-172-31-28-17 kernel: acpiphp: Slot [24] registered
Nov 29 10:13:13 ip-172-31-28-17 kernel: acpiphp: Slot [25] registered
Nov 29 10:13:13 ip-172-31-28-17 kernel: acpiphp: Slot [26] registered
Nov 29 10:13:13 ip-172-31-28-17 kernel: acpiphp: Slot [27] registered
Nov 29 10:13:13 ip-172-31-28-17 kernel: acpiphp: Slot [28] registered
Nov 29 10:13:13 ip-172-31-28-17 kernel: acpiphp: Slot [29] registered
Nov 29 10:13:13 ip-172-31-28-17 kernel: acpiphp: Slot [30] registered
Nov 29 10:13:13 ip-172-31-28-17 kernel: acpiphp: Slot [31] registered
Nov 29 10:13:13 ip-172-31-28-17 kernel: PCI host bridge to bus 0000:00
Nov 29 10:13:13 ip-172-31-28-17 kernel: pci_bus 0000:00: root bus resource [io  0x0000-0x0cf7 window]
Nov 29 10:13:13 ip-172-31-28-17 kernel: pci_bus 0000:00: root bus resource [io  0x0d00-0xffff window]
Nov 29 10:13:13 ip-172-31-28-17 kernel: pci_bus 0000:00: root bus resource [mem 0x000a0000-0x000bffff window]
Nov 29 10:13:13 ip-172-31-28-17 kernel: pci_bus 0000:00: root bus resource [mem 0x80000000-0xfebfffff window]
Nov 29 10:13:13 ip-172-31-28-17 kernel: pci_bus 0000:00: root bus resource [mem 0x100000000-0x2000ffffffff window]
Nov 29 10:13:13 ip-172-31-28-17 kernel: pci_bus 0000:00: root bus resource [bus 00-ff]
Nov 29 10:13:13 ip-172-31-28-17 kernel: pci 0000:00:00.0: [8086:1237] type 00 class 0x060000
Nov 29 10:13:13 ip-172-31-28-17 kernel: pci 0000:00:01.0: [8086:7000] type 00 class 0x060100
Nov 29 10:13:13 ip-172-31-28-17 kernel: pci 0000:00:01.3: [8086:7113] type 00 class 0x000000
Nov 29 10:13:13 ip-172-31-28-17 kernel: pci 0000:00:01.3: quirk: [io  0xb000-0xb03f] claimed by PIIX4 ACPI
Nov 29 10:13:13 ip-172-31-28-17 kernel: pci 0000:00:01.3: PIIX4 devres E PIO at fff0-ffff
Nov 29 10:13:13 ip-172-31-28-17 kernel: pci 0000:00:01.3: PIIX4 devres F MMIO at ffc00000-ffffffff
Nov 29 10:13:13 ip-172-31-28-17 kernel: pci 0000:00:01.3: PIIX4 devres G PIO at fff0-ffff
Nov 29 10:13:13 ip-172-31-28-17 kernel: pci 0000:00:01.3: PIIX4 devres H MMIO at ffc00000-ffffffff
Nov 29 10:13:13 ip-172-31-28-17 kernel: pci 0000:00:01.3: PIIX4 devres I PIO at fff0-ffff
Nov 29 10:13:13 ip-172-31-28-17 kernel: pci 0000:00:01.3: PIIX4 devres J PIO at fff0-ffff
Nov 29 10:13:13 ip-172-31-28-17 kernel: pci 0000:00:03.0: [1d0f:1111] type 00 class 0x030000
Nov 29 10:13:13 ip-172-31-28-17 kernel: pci 0000:00:03.0: reg 0x10: [mem 0x80000000-0x803fffff pref]
Nov 29 10:13:13 ip-172-31-28-17 kernel: pci 0000:00:03.0: reg 0x30: [mem 0xffff0000-0xffffffff pref]
Nov 29 10:13:13 ip-172-31-28-17 kernel: pci 0000:00:03.0: Video device with shadowed ROM at [mem 0x000c0000-0x000dffff]
Nov 29 10:13:13 ip-172-31-28-17 kernel: pci 0000:00:04.0: [1d0f:8061] type 00 class 0x010802
Nov 29 10:13:13 ip-172-31-28-17 kernel: pci 0000:00:04.0: reg 0x10: [mem 0x80404000-0x80407fff]
Nov 29 10:13:13 ip-172-31-28-17 kernel: pci 0000:00:05.0: [1d0f:ec20] type 00 class 0x020000
Nov 29 10:13:13 ip-172-31-28-17 kernel: pci 0000:00:05.0: reg 0x10: [mem 0x80400000-0x80403fff]
Nov 29 10:13:13 ip-172-31-28-17 kernel: ACPI: PCI: Interrupt link LNKA configured for IRQ 10
Nov 29 10:13:13 ip-172-31-28-17 kernel: ACPI: PCI: Interrupt link LNKB configured for IRQ 10
Nov 29 10:13:13 ip-172-31-28-17 kernel: ACPI: PCI: Interrupt link LNKC configured for IRQ 11
Nov 29 10:13:13 ip-172-31-28-17 kernel: ACPI: PCI: Interrupt link LNKD configured for IRQ 11
Nov 29 10:13:13 ip-172-31-28-17 kernel: ACPI: PCI: Interrupt link LNKS configured for IRQ 9
Nov 29 10:13:13 ip-172-31-28-17 kernel: iommu: Default domain type: Translated 
Nov 29 10:13:13 ip-172-31-28-17 kernel: iommu: DMA domain TLB invalidation policy: lazy mode 
Nov 29 10:13:13 ip-172-31-28-17 kernel: pps_core: LinuxPPS API ver. 1 registered
Nov 29 10:13:13 ip-172-31-28-17 kernel: pps_core: Software ver. 5.3.6 - Copyright 2005-2007 Rodolfo Giometti <giometti@linux.it>
Nov 29 10:13:13 ip-172-31-28-17 kernel: PTP clock support registered
Nov 29 10:13:13 ip-172-31-28-17 kernel: EDAC MC: Ver: 3.0.0
Nov 29 10:13:13 ip-172-31-28-17 kernel: Registered efivars operations
Nov 29 10:13:13 ip-172-31-28-17 kernel: NetLabel: Initializing
Nov 29 10:13:13 ip-172-31-28-17 kernel: NetLabel:  domain hash size = 128
Nov 29 10:13:13 ip-172-31-28-17 kernel: NetLabel:  protocols = UNLABELED CIPSOv4 CALIPSO
Nov 29 10:13:13 ip-172-31-28-17 kernel: NetLabel:  unlabeled traffic allowed by default
Nov 29 10:13:13 ip-172-31-28-17 kernel: PCI: Using ACPI for IRQ routing
Nov 29 10:13:13 ip-172-31-28-17 kernel: hpet0: at MMIO 0xfed00000, IRQs 2, 8, 0, 0, 0, 0, 0, 0
Nov 29 10:13:13 ip-172-31-28-17 kernel: hpet0: 8 comparators, 32-bit 62.500000 MHz counter
Nov 29 10:13:13 ip-172-31-28-17 kernel: clocksource: Switched to clocksource kvm-clock
Nov 29 10:13:13 ip-172-31-28-17 kernel: VFS: Disk quotas dquot_6.6.0
Nov 29 10:13:13 ip-172-31-28-17 kernel: VFS: Dquot-cache hash table entries: 512 (order 0, 4096 bytes)
Nov 29 10:13:13 ip-172-31-28-17 kernel: pnp: PnP ACPI init
Nov 29 10:13:13 ip-172-31-28-17 kernel: pnp: PnP ACPI: found 5 devices
Nov 29 10:13:13 ip-172-31-28-17 kernel: clocksource: acpi_pm: mask: 0xffffff max_cycles: 0xffffff, max_idle_ns: 2085701024 ns
Nov 29 10:13:13 ip-172-31-28-17 kernel: NET: Registered PF_INET protocol family
Nov 29 10:13:13 ip-172-31-28-17 kernel: IP idents hash table entries: 32768 (order: 6, 262144 bytes, linear)
Nov 29 10:13:13 ip-172-31-28-17 kernel: tcp_listen_portaddr_hash hash table entries: 1024 (order: 2, 16384 bytes, linear)
Nov 29 10:13:13 ip-172-31-28-17 kernel: Table-perturb hash table entries: 65536 (order: 6, 262144 bytes, linear)
Nov 29 10:13:13 ip-172-31-28-17 kernel: TCP established hash table entries: 16384 (order: 5, 131072 bytes, linear)
Nov 29 10:13:13 ip-172-31-28-17 kernel: TCP bind hash table entries: 16384 (order: 7, 524288 bytes, linear)
Nov 29 10:13:13 ip-172-31-28-17 kernel: TCP: Hash tables configured (established 16384 bind 16384)
Nov 29 10:13:13 ip-172-31-28-17 kernel: MPTCP token hash table entries: 2048 (order: 3, 49152 bytes, linear)
Nov 29 10:13:13 ip-172-31-28-17 kernel: UDP hash table entries: 1024 (order: 3, 32768 bytes, linear)
Nov 29 10:13:13 ip-172-31-28-17 kernel: UDP-Lite hash table entries: 1024 (order: 3, 32768 bytes, linear)
Nov 29 10:13:13 ip-172-31-28-17 kernel: NET: Registered PF_UNIX/PF_LOCAL protocol family
Nov 29 10:13:13 ip-172-31-28-17 kernel: NET: Registered PF_XDP protocol family
Nov 29 10:13:13 ip-172-31-28-17 kernel: pci_bus 0000:00: resource 4 [io  0x0000-0x0cf7 window]
Nov 29 10:13:13 ip-172-31-28-17 kernel: pci_bus 0000:00: resource 5 [io  0x0d00-0xffff window]
Nov 29 10:13:13 ip-172-31-28-17 kernel: pci_bus 0000:00: resource 6 [mem 0x000a0000-0x000bffff window]
Nov 29 10:13:13 ip-172-31-28-17 kernel: pci_bus 0000:00: resource 7 [mem 0x80000000-0xfebfffff window]
Nov 29 10:13:13 ip-172-31-28-17 kernel: pci_bus 0000:00: resource 8 [mem 0x100000000-0x2000ffffffff window]
Nov 29 10:13:13 ip-172-31-28-17 kernel: pci 0000:00:00.0: Limiting direct PCI/PCI transfers
Nov 29 10:13:13 ip-172-31-28-17 kernel: PCI: CLS 0 bytes, default 64
Nov 29 10:13:13 ip-172-31-28-17 kernel: clocksource: tsc: mask: 0xffffffffffffffff max_cycles: 0x24093623c91, max_idle_ns: 440795291220 ns
Nov 29 10:13:13 ip-172-31-28-17 kernel: Trying to unpack rootfs image as initramfs...
Nov 29 10:13:13 ip-172-31-28-17 kernel: clocksource: Switched to clocksource tsc
Nov 29 10:13:13 ip-172-31-28-17 kernel: Initialise system trusted keyrings
Nov 29 10:13:13 ip-172-31-28-17 kernel: Key type blacklist registered
Nov 29 10:13:13 ip-172-31-28-17 kernel: workingset: timestamp_bits=36 max_order=19 bucket_order=0
Nov 29 10:13:13 ip-172-31-28-17 kernel: zbud: loaded
Nov 29 10:13:13 ip-172-31-28-17 kernel: SGI XFS with ACLs, security attributes, quota, no debug enabled
Nov 29 10:13:13 ip-172-31-28-17 kernel: integrity: Platform Keyring initialized
Nov 29 10:13:13 ip-172-31-28-17 kernel: Key type asymmetric registered
Nov 29 10:13:13 ip-172-31-28-17 kernel: Asymmetric key parser 'x509' registered
Nov 29 10:13:13 ip-172-31-28-17 kernel: Block layer SCSI generic (bsg) driver version 0.4 loaded (major 248)
Nov 29 10:13:13 ip-172-31-28-17 kernel: io scheduler mq-deadline registered
Nov 29 10:13:13 ip-172-31-28-17 kernel: io scheduler kyber registered
Nov 29 10:13:13 ip-172-31-28-17 kernel: io scheduler bfq registered
Nov 29 10:13:13 ip-172-31-28-17 kernel: shpchp: Standard Hot Plug PCI Controller Driver version: 0.4
Nov 29 10:13:13 ip-172-31-28-17 kernel: Serial: 8250/16550 driver, 4 ports, IRQ sharing disabled
Nov 29 10:13:13 ip-172-31-28-17 kernel: 00:04: ttyS0 at I/O 0x3f8 (irq = 4, base_baud = 115200) is a 16550A
Nov 29 10:13:13 ip-172-31-28-17 kernel: AMD-Vi: AMD IOMMUv2 functionality not available on this system - This is not a bug.
Nov 29 10:13:13 ip-172-31-28-17 kernel: nvme nvme0: pci function 0000:00:04.0
Nov 29 10:13:13 ip-172-31-28-17 kernel: rtc_cmos 00:00: RTC can wake from S4
Nov 29 10:13:13 ip-172-31-28-17 kernel: ACPI: \_SB_.LNKD: Enabled at IRQ 11
Nov 29 10:13:13 ip-172-31-28-17 kernel: rtc_cmos 00:00: registered as rtc0
Nov 29 10:13:13 ip-172-31-28-17 kernel: rtc_cmos 00:00: setting system clock to 2025-11-29T10:13:12 UTC (1764411192)
Nov 29 10:13:13 ip-172-31-28-17 kernel: rtc_cmos 00:00: alarms up to one day, 114 bytes nvram
Nov 29 10:13:13 ip-172-31-28-17 kernel: intel_pstate: CPU model not supported
Nov 29 10:13:13 ip-172-31-28-17 kernel: pstore: Registered efi as persistent store backend
Nov 29 10:13:13 ip-172-31-28-17 kernel: hid: raw HID events driver (C) Jiri Kosina
Nov 29 10:13:13 ip-172-31-28-17 kernel: nvme nvme0: 2/0/0 default/read/poll queues
Nov 29 10:13:13 ip-172-31-28-17 kernel: NET: Registered PF_INET6 protocol family
Nov 29 10:13:13 ip-172-31-28-17 kernel: nvme0n1: p1 p127 p128
Nov 29 10:13:13 ip-172-31-28-17 kernel: Freeing initrd memory: 19928K
Nov 29 10:13:13 ip-172-31-28-17 kernel: Segment Routing with IPv6
Nov 29 10:13:13 ip-172-31-28-17 kernel: In-situ OAM (IOAM) with IPv6
Nov 29 10:13:13 ip-172-31-28-17 kernel: NET: Registered PF_PACKET protocol family
Nov 29 10:13:13 ip-172-31-28-17 kernel: IPI shorthand broadcast: enabled
Nov 29 10:13:13 ip-172-31-28-17 kernel: AVX2 version of gcm_enc/dec engaged.
Nov 29 10:13:13 ip-172-31-28-17 kernel: AES CTR mode by8 optimization enabled
Nov 29 10:13:13 ip-172-31-28-17 kernel: sched_clock: Marking stable (311287971, 3171589)->(339417931, -24958371)
Nov 29 10:13:13 ip-172-31-28-17 kernel: registered taskstats version 1
Nov 29 10:13:13 ip-172-31-28-17 kernel: Loading compiled-in X.509 certificates
Nov 29 10:13:13 ip-172-31-28-17 kernel: Loaded X.509 cert 'Amazon.com: Amazon Linux Kernel Signing Key: bd6eab3ecae8c597c9a06da36fe2b974b9f40bcc'
Nov 29 10:13:13 ip-172-31-28-17 kernel: zswap: loaded using pool lzo/zbud
Nov 29 10:13:13 ip-172-31-28-17 kernel: Key type .fscrypt registered
Nov 29 10:13:13 ip-172-31-28-17 kernel: Key type fscrypt-provisioning registered
Nov 29 10:13:13 ip-172-31-28-17 kernel: pstore: Using crash dump compression: deflate
Nov 29 10:13:13 ip-172-31-28-17 kernel: ima: No TPM chip found, activating TPM-bypass!
Nov 29 10:13:13 ip-172-31-28-17 kernel: ima: Allocated hash algorithm: sha256
Nov 29 10:13:13 ip-172-31-28-17 kernel: ima: No architecture policies found
Nov 29 10:13:13 ip-172-31-28-17 kernel: clk: Disabling unused clocks
Nov 29 10:13:13 ip-172-31-28-17 kernel: Freeing unused decrypted memory: 2036K
Nov 29 10:13:13 ip-172-31-28-17 kernel: Freeing unused kernel image (initmem) memory: 2452K
Nov 29 10:13:13 ip-172-31-28-17 kernel: Write protecting the kernel read-only data: 26624k
Nov 29 10:13:13 ip-172-31-28-17 kernel: Freeing unused kernel image (text/rodata gap) memory: 2036K
Nov 29 10:13:13 ip-172-31-28-17 kernel: Freeing unused kernel image (rodata/data gap) memory: 1324K
Nov 29 10:13:13 ip-172-31-28-17 kernel: Run /init as init process
Nov 29 10:13:13 ip-172-31-28-17 systemd[1]: systemd 252.23-8.amzn2023 running in system mode (+PAM +AUDIT +SELINUX -APPARMOR +IMA +SMACK +SECCOMP -GCRYPT -GNUTLS +OPENSSL +ACL +BLKID +CURL +ELFUTILS +FIDO2 +IDN2 -IDN -IPTC +KMOD +LIBCRYPTSETUP +LIBFDISK +PCRE2 +PWQUALITY +P11KIT +QRENCODE +TPM2 -BZIP2 -LZ4 +XZ +ZLIB -ZSTD +BPF_FRAMEWORK +XKBCOMMON +UTMP +SYSVINIT default-hierarchy=unified)
Nov 29 10:13:13 ip-172-31-28-17 systemd[1]: Detected virtualization amazon.
Nov 29 10:13:13 ip-172-31-28-17 systemd[1]: Detected architecture x86-64.
Nov 29 10:13:13 ip-172-31-28-17 systemd[1]: Running in initrd.
Nov 29 10:13:13 ip-172-31-28-17 systemd[1]: No hostname configured, using default hostname.
Nov 29 10:13:13 ip-172-31-28-17 systemd[1]: Hostname set to <localhost>.
Nov 29 10:13:13 ip-172-31-28-17 systemd[1]: Initializing machine ID from VM UUID.
Nov 29 10:13:13 ip-172-31-28-17 systemd[1]: Queued start job for default target initrd.target.
Nov 29 10:13:13 ip-172-31-28-17 systemd[1]: Started systemd-ask-password-console.path - Dispatch Password Requests to Console Directory Watch.
Nov 29 10:13:13 ip-172-31-28-17 systemd[1]: Expecting device dev-disk-by\x2duuid-9a57ac2f\x2dbfe7\x2d4e29\x2dbf89\x2d56caddc22c97.device - /dev/disk/by-uuid/9a57ac2f-bfe7-4e29-bf89-56caddc22c97...
Nov 29 10:13:13 ip-172-31-28-17 systemd[1]: Reached target initrd-usr-fs.target - Initrd /usr File System.
Nov 29 10:13:13 ip-172-31-28-17 systemd[1]: Reached target local-fs.target - Local File Systems.
Nov 29 10:13:13 ip-172-31-28-17 systemd[1]: Reached target paths.target - Path Units.
Nov 29 10:13:13 ip-172-31-28-17 systemd[1]: Reached target slices.target - Slice Units.
Nov 29 10:13:13 ip-172-31-28-17 systemd[1]: Reached target swap.target - Swaps.
Nov 29 10:13:13 ip-172-31-28-17 systemd[1]: Reached target timers.target - Timer Units.
Nov 29 10:13:13 ip-172-31-28-17 systemd[1]: Listening on systemd-journald-audit.socket - Journal Audit Socket.
Nov 29 10:13:13 ip-172-31-28-17 systemd[1]: Listening on systemd-journald-dev-log.socket - Journal Socket (/dev/log).
Nov 29 10:13:13 ip-172-31-28-17 systemd[1]: Listening on systemd-journald.socket - Journal Socket.
Nov 29 10:13:13 ip-172-31-28-17 systemd[1]: Listening on systemd-udevd-control.socket - udev Control Socket.
Nov 29 10:13:13 ip-172-31-28-17 systemd[1]: Listening on systemd-udevd-kernel.socket - udev Kernel Socket.
Nov 29 10:13:13 ip-172-31-28-17 systemd[1]: Reached target sockets.target - Socket Units.
Nov 29 10:13:13 ip-172-31-28-17 systemd[1]: kmod-static-nodes.service - Create List of Static Device Nodes was skipped because of an unmet condition check (ConditionFileNotEmpty=/lib/modules/6.1.158-178.288.amzn2023.x86_64/modules.devname).
Nov 29 10:13:13 ip-172-31-28-17 systemd[1]: Starting systemd-journald.service - Journal Service...
Nov 29 10:13:13 ip-172-31-28-17 systemd[1]: systemd-modules-load.service - Load Kernel Modules was skipped because no trigger condition checks were met.
Nov 29 10:13:13 ip-172-31-28-17 systemd[1]: Starting systemd-sysctl.service - Apply Kernel Variables...
Nov 29 10:13:13 ip-172-31-28-17 systemd[1]: Starting systemd-sysusers.service - Create System Users...
Nov 29 10:13:13 ip-172-31-28-17 systemd[1]: Starting systemd-vconsole-setup.service - Setup Virtual Console...
Nov 29 10:13:13 ip-172-31-28-17 systemd[1]: Finished systemd-sysusers.service - Create System Users.
Nov 29 10:13:13 ip-172-31-28-17 systemd[1]: Finished systemd-vconsole-setup.service - Setup Virtual Console.
Nov 29 10:13:13 ip-172-31-28-17 systemd[1]: dracut-cmdline-ask.service - dracut ask for additional cmdline parameters was skipped because no trigger condition checks were met.
Nov 29 10:13:13 ip-172-31-28-17 systemd[1]: Starting dracut-cmdline.service - dracut cmdline hook...
Nov 29 10:13:13 ip-172-31-28-17 systemd[1]: Starting systemd-tmpfiles-setup-dev.service - Create Static Device Nodes in /dev...
Nov 29 10:13:13 ip-172-31-28-17 systemd[1]: Finished systemd-tmpfiles-setup-dev.service - Create Static Device Nodes in /dev.
Nov 29 10:13:13 ip-172-31-28-17 kernel: audit: type=1130 audit(1764411193.020:2): pid=1 uid=0 auid=4294967295 ses=4294967295 subj=kernel msg='unit=systemd-tmpfiles-setup-dev comm="systemd" exe="/usr/lib/systemd/systemd" hostname=? addr=? terminal=? res=success'
Nov 29 10:13:13 ip-172-31-28-17 systemd[1]: Finished systemd-sysctl.service - Apply Kernel Variables.
Nov 29 10:13:13 ip-172-31-28-17 kernel: audit: type=1130 audit(1764411193.020:3): pid=1 uid=0 auid=4294967295 ses=4294967295 subj=kernel msg='unit=systemd-sysctl comm="systemd" exe="/usr/lib/systemd/systemd" hostname=? addr=? terminal=? res=success'
Nov 29 10:13:13 ip-172-31-28-17 systemd-journald[340]: Journal started
Nov 29 10:13:13 ip-172-31-28-17 systemd-journald[340]: Runtime Journal (/run/log/journal/ec27e30dad9bd40f5c7652393476a07a) is 4.7M, max 38.0M, 33.2M free.
Nov 29 10:13:13 ip-172-31-28-17 audit[1]: SERVICE_START pid=1 uid=0 auid=4294967295 ses=4294967295 subj=kernel msg='unit=systemd-tmpfiles-setup-dev comm="systemd" exe="/usr/lib/systemd/systemd" hostname=? addr=? terminal=? res=success'
Nov 29 10:13:13 ip-172-31-28-17 audit[1]: SERVICE_START pid=1 uid=0 auid=4294967295 ses=4294967295 subj=kernel msg='unit=systemd-sysctl comm="systemd" exe="/usr/lib/systemd/systemd" hostname=? addr=? terminal=? res=success'
Nov 29 10:13:13 ip-172-31-28-17 systemd-sysusers[342]: Creating group 'nobody' with GID 65534.
Nov 29 10:13:13 ip-172-31-28-17 systemd-sysusers[342]: Creating group 'users' with GID 100.
Nov 29 10:13:13 ip-172-31-28-17 systemd-sysusers[342]: Creating group 'systemd-journal' with GID 190.
Nov 29 10:13:13 ip-172-31-28-17 dracut-cmdline[347]: dracut-102-3.amzn2023.0.1
Nov 29 10:13:13 ip-172-31-28-17 dracut-cmdline[347]: Using kernel command line parameters:    BOOT_IMAGE=(hd0,gpt1)/boot/vmlinuz-6.1.158-178.288.amzn2023.x86_64 root=UUID=9a57ac2f-bfe7-4e29-bf89-56caddc22c97 ro console=tty0 console=ttyS0,115200n8 nvme_core.io_timeout=4294967295 rd.emergency=poweroff rd.shell=0 selinux=1 security=selinux quiet
Nov 29 10:13:13 ip-172-31-28-17 audit[1]: SERVICE_START pid=1 uid=0 auid=4294967295 ses=4294967295 subj=kernel msg='unit=systemd-journald comm="systemd" exe="/usr/lib/systemd/systemd" hostname=? addr=? terminal=? res=success'
Nov 29 10:13:13 ip-172-31-28-17 systemd[1]: Starting systemd-tmpfiles-setup.service - Create Volatile Files and Directories...
Nov 29 10:13:13 ip-172-31-28-17 systemd[1]: Started systemd-journald.service - Journal Service.
Nov 29 10:13:13 ip-172-31-28-17 kernel: audit: type=1130 audit(1764411193.030:4): pid=1 uid=0 auid=4294967295 ses=4294967295 subj=kernel msg='unit=systemd-journald comm="systemd" exe="/usr/lib/systemd/systemd" hostname=? addr=? terminal=? res=success'
Nov 29 10:13:13 ip-172-31-28-17 systemd-tmpfiles[371]: /usr/lib/tmpfiles.d/var.conf:14: Duplicate line for path "/var/log", ignoring.
Nov 29 10:13:13 ip-172-31-28-17 systemd[1]: Finished systemd-tmpfiles-setup.service - Create Volatile Files and Directories.
Nov 29 10:13:13 ip-172-31-28-17 audit[1]: SERVICE_START pid=1 uid=0 auid=4294967295 ses=4294967295 subj=kernel msg='unit=systemd-tmpfiles-setup comm="systemd" exe="/usr/lib/systemd/systemd" hostname=? addr=? terminal=? res=success'
Nov 29 10:13:13 ip-172-31-28-17 kernel: audit: type=1130 audit(1764411193.040:5): pid=1 uid=0 auid=4294967295 ses=4294967295 subj=kernel msg='unit=systemd-tmpfiles-setup comm="systemd" exe="/usr/lib/systemd/systemd" hostname=? addr=? terminal=? res=success'
Nov 29 10:13:13 ip-172-31-28-17 systemd[1]: Finished dracut-cmdline.service - dracut cmdline hook.
Nov 29 10:13:13 ip-172-31-28-17 audit[1]: SERVICE_START pid=1 uid=0 auid=4294967295 ses=4294967295 subj=kernel msg='unit=dracut-cmdline comm="systemd" exe="/usr/lib/systemd/systemd" hostname=? addr=? terminal=? res=success'
Nov 29 10:13:13 ip-172-31-28-17 systemd[1]: dracut-pre-udev.service - dracut pre-udev hook was skipped because no trigger condition checks were met.
Nov 29 10:13:13 ip-172-31-28-17 audit: BPF prog-id=6 op=LOAD
Nov 29 10:13:13 ip-172-31-28-17 audit: BPF prog-id=7 op=LOAD
Nov 29 10:13:13 ip-172-31-28-17 kernel: audit: type=1130 audit(1764411193.060:6): pid=1 uid=0 auid=4294967295 ses=4294967295 subj=kernel msg='unit=dracut-cmdline comm="systemd" exe="/usr/lib/systemd/systemd" hostname=? addr=? terminal=? res=success'
Nov 29 10:13:13 ip-172-31-28-17 kernel: audit: type=1334 audit(1764411193.060:7): prog-id=6 op=LOAD
Nov 29 10:13:13 ip-172-31-28-17 kernel: audit: type=1334 audit(1764411193.060:8): prog-id=7 op=LOAD
Nov 29 10:13:13 ip-172-31-28-17 systemd[1]: Starting systemd-udevd.service - Rule-based Manager for Device Events and Files...
Nov 29 10:13:13 ip-172-31-28-17 systemd-udevd[405]: Using default interface naming scheme 'v252'.
Nov 29 10:13:13 ip-172-31-28-17 systemd[1]: Started systemd-udevd.service - Rule-based Manager for Device Events and Files.
Nov 29 10:13:13 ip-172-31-28-17 audit[1]: SERVICE_START pid=1 uid=0 auid=4294967295 ses=4294967295 subj=kernel msg='unit=systemd-udevd comm="systemd" exe="/usr/lib/systemd/systemd" hostname=? addr=? terminal=? res=success'
Nov 29 10:13:13 ip-172-31-28-17 systemd[1]: Starting dracut-pre-trigger.service - dracut pre-trigger hook...
Nov 29 10:13:13 ip-172-31-28-17 kernel: audit: type=1130 audit(1764411193.110:9): pid=1 uid=0 auid=4294967295 ses=4294967295 subj=kernel msg='unit=systemd-udevd comm="systemd" exe="/usr/lib/systemd/systemd" hostname=? addr=? terminal=? res=success'
Nov 29 10:13:13 ip-172-31-28-17 systemd[1]: Finished dracut-pre-trigger.service - dracut pre-trigger hook.
Nov 29 10:13:13 ip-172-31-28-17 audit[1]: SERVICE_START pid=1 uid=0 auid=4294967295 ses=4294967295 subj=kernel msg='unit=dracut-pre-trigger comm="systemd" exe="/usr/lib/systemd/systemd" hostname=? addr=? terminal=? res=success'
Nov 29 10:13:13 ip-172-31-28-17 systemd[1]: Starting systemd-udev-trigger.service - Coldplug All udev Devices...
Nov 29 10:13:13 ip-172-31-28-17 kernel: audit: type=1130 audit(1764411193.120:10): pid=1 uid=0 auid=4294967295 ses=4294967295 subj=kernel msg='unit=dracut-pre-trigger comm="systemd" exe="/usr/lib/systemd/systemd" hostname=? addr=? terminal=? res=success'
Nov 29 10:13:13 ip-172-31-28-17 audit[1]: SERVICE_START pid=1 uid=0 auid=4294967295 ses=4294967295 subj=kernel msg='unit=systemd-udev-trigger comm="systemd" exe="/usr/lib/systemd/systemd" hostname=? addr=? terminal=? res=success'
Nov 29 10:13:13 ip-172-31-28-17 systemd[1]: Finished systemd-udev-trigger.service - Coldplug All udev Devices.
Nov 29 10:13:13 ip-172-31-28-17 systemd[1]: Reached target sysinit.target - System Initialization.
Nov 29 10:13:13 ip-172-31-28-17 systemd[1]: Reached target basic.target - Basic System.
Nov 29 10:13:13 ip-172-31-28-17 systemd[1]: dracut-initqueue.service - dracut initqueue hook was skipped because no trigger condition checks were met.
Nov 29 10:13:13 ip-172-31-28-17 systemd[1]: Reached target remote-fs-pre.target - Preparation for Remote File Systems.
Nov 29 10:13:13 ip-172-31-28-17 systemd[1]: Reached target remote-fs.target - Remote File Systems.
Nov 29 10:13:13 ip-172-31-28-17 systemd[1]: dracut-pre-mount.service - dracut pre-mount hook was skipped because no trigger condition checks were met.
Nov 29 10:13:13 ip-172-31-28-17 audit[1]: SERVICE_START pid=1 uid=0 auid=4294967295 ses=4294967295 subj=kernel msg='unit=rngd comm="systemd" exe="/usr/lib/systemd/systemd" hostname=? addr=? terminal=? res=success'
Nov 29 10:13:13 ip-172-31-28-17 systemd[1]: Started rngd.service - Hardware RNG Entropy Gatherer Daemon.
Nov 29 10:13:13 ip-172-31-28-17 rngd[777]: Disabling 7: PKCS11 Entropy generator (pkcs11)
Nov 29 10:13:13 ip-172-31-28-17 rngd[777]: Disabling 5: NIST Network Entropy Beacon (nist)
Nov 29 10:13:13 ip-172-31-28-17 rngd[777]: Initializing available sources
Nov 29 10:13:13 ip-172-31-28-17 rngd[777]: [hwrng ]: Initialization Failed
Nov 29 10:13:13 ip-172-31-28-17 rngd[777]: [rdrand]: Enabling RDSEED rng support
Nov 29 10:13:13 ip-172-31-28-17 rngd[777]: [rdrand]: Initialized
Nov 29 10:13:13 ip-172-31-28-17 systemd[1]: Found device dev-disk-by\x2duuid-9a57ac2f\x2dbfe7\x2d4e29\x2dbf89\x2d56caddc22c97.device - Amazon Elastic Block Store /.
Nov 29 10:13:13 ip-172-31-28-17 systemd[1]: Reached target initrd-root-device.target - Initrd Root Device.
Nov 29 10:13:13 ip-172-31-28-17 systemd[1]: Mounting sysroot.mount - /sysroot...
Nov 29 10:13:13 ip-172-31-28-17 rngd[777]: [jitter]: Initializing AES buffer
Nov 29 10:13:13 ip-172-31-28-17 kernel: XFS (nvme0n1p1): Mounting V5 Filesystem
Nov 29 10:13:13 ip-172-31-28-17 systemd[1]: Mounted sysroot.mount - /sysroot.
Nov 29 10:13:13 ip-172-31-28-17 systemd[1]: Reached target initrd-root-fs.target - Initrd Root File System.
Nov 29 10:13:13 ip-172-31-28-17 kernel: XFS (nvme0n1p1): Ending clean mount
Nov 29 10:13:13 ip-172-31-28-17 systemd[1]: Starting initrd-parse-etc.service - Mountpoints Configured in the Real Root...
Nov 29 10:13:13 ip-172-31-28-17 systemd[1]: initrd-parse-etc.service: Deactivated successfully.
Nov 29 10:13:13 ip-172-31-28-17 systemd[1]: Finished initrd-parse-etc.service - Mountpoints Configured in the Real Root.
Nov 29 10:13:13 ip-172-31-28-17 audit[1]: SERVICE_START pid=1 uid=0 auid=4294967295 ses=4294967295 subj=kernel msg='unit=initrd-parse-etc comm="systemd" exe="/usr/lib/systemd/systemd" hostname=? addr=? terminal=? res=success'
Nov 29 10:13:13 ip-172-31-28-17 audit[1]: SERVICE_STOP pid=1 uid=0 auid=4294967295 ses=4294967295 subj=kernel msg='unit=initrd-parse-etc comm="systemd" exe="/usr/lib/systemd/systemd" hostname=? addr=? terminal=? res=success'
Nov 29 10:13:13 ip-172-31-28-17 systemd[1]: Reached target initrd-fs.target - Initrd File Systems.
Nov 29 10:13:13 ip-172-31-28-17 systemd[1]: Reached target initrd.target - Initrd Default Target.
Nov 29 10:13:13 ip-172-31-28-17 systemd[1]: dracut-mount.service - dracut mount hook was skipped because no trigger condition checks were met.
Nov 29 10:13:13 ip-172-31-28-17 systemd[1]: dracut-pre-pivot.service - dracut pre-pivot and cleanup hook was skipped because no trigger condition checks were met.
Nov 29 10:13:13 ip-172-31-28-17 systemd[1]: Starting initrd-cleanup.service - Cleaning Up and Shutting Down Daemons...
Nov 29 10:13:13 ip-172-31-28-17 systemd[1]: initrd-cleanup.service: Deactivated successfully.
Nov 29 10:13:13 ip-172-31-28-17 systemd[1]: Finished initrd-cleanup.service - Cleaning Up and Shutting Down Daemons.
Nov 29 10:13:13 ip-172-31-28-17 audit[1]: SERVICE_START pid=1 uid=0 auid=4294967295 ses=4294967295 subj=kernel msg='unit=initrd-cleanup comm="systemd" exe="/usr/lib/systemd/systemd" hostname=? addr=? terminal=? res=success'
Nov 29 10:13:13 ip-172-31-28-17 audit[1]: SERVICE_STOP pid=1 uid=0 auid=4294967295 ses=4294967295 subj=kernel msg='unit=initrd-cleanup comm="systemd" exe="/usr/lib/systemd/systemd" hostname=? addr=? terminal=? res=success'
Nov 29 10:13:13 ip-172-31-28-17 systemd[1]: Stopped target initrd.target - Initrd Default Target.
Nov 29 10:13:13 ip-172-31-28-17 systemd[1]: Stopped target initrd-root-device.target - Initrd Root Device.
Nov 29 10:13:13 ip-172-31-28-17 systemd[1]: Stopped target initrd-usr-fs.target - Initrd /usr File System.
Nov 29 10:13:13 ip-172-31-28-17 systemd[1]: Stopped target remote-fs.target - Remote File Systems.
Nov 29 10:13:13 ip-172-31-28-17 systemd[1]: Stopped target remote-fs-pre.target - Preparation for Remote File Systems.
Nov 29 10:13:13 ip-172-31-28-17 systemd[1]: Stopped target timers.target - Timer Units.
Nov 29 10:13:13 ip-172-31-28-17 systemd[1]: dracut-cmdline.service: Deactivated successfully.
Nov 29 10:13:13 ip-172-31-28-17 systemd[1]: Stopped dracut-cmdline.service - dracut cmdline hook.
Nov 29 10:13:13 ip-172-31-28-17 audit[1]: SERVICE_STOP pid=1 uid=0 auid=4294967295 ses=4294967295 subj=kernel msg='unit=dracut-cmdline comm="systemd" exe="/usr/lib/systemd/systemd" hostname=? addr=? terminal=? res=success'
Nov 29 10:13:13 ip-172-31-28-17 systemd[1]: Stopping rngd.service - Hardware RNG Entropy Gatherer Daemon...
Nov 29 10:13:13 ip-172-31-28-17 audit[1]: SERVICE_STOP pid=1 uid=0 auid=4294967295 ses=4294967295 subj=kernel msg='unit=systemd-vconsole-setup comm="systemd" exe="/usr/lib/systemd/systemd" hostname=? addr=? terminal=? res=success'
Nov 29 10:13:13 ip-172-31-28-17 systemd[1]: systemd-vconsole-setup.service: Deactivated successfully.
Nov 29 10:13:13 ip-172-31-28-17 systemd[1]: Stopped systemd-vconsole-setup.service - Setup Virtual Console.
Nov 29 10:13:13 ip-172-31-28-17 systemd[1]: rngd.service: Deactivated successfully.
Nov 29 10:13:13 ip-172-31-28-17 systemd[1]: Stopped rngd.service - Hardware RNG Entropy Gatherer Daemon.
Nov 29 10:13:13 ip-172-31-28-17 audit[1]: SERVICE_STOP pid=1 uid=0 auid=4294967295 ses=4294967295 subj=kernel msg='unit=rngd comm="systemd" exe="/usr/lib/systemd/systemd" hostname=? addr=? terminal=? res=success'
Nov 29 10:13:13 ip-172-31-28-17 systemd[1]: Stopped target basic.target - Basic System.
Nov 29 10:13:13 ip-172-31-28-17 systemd[1]: Stopped target paths.target - Path Units.
Nov 29 10:13:13 ip-172-31-28-17 systemd[1]: systemd-ask-password-console.path: Deactivated successfully.
Nov 29 10:13:13 ip-172-31-28-17 systemd[1]: Stopped systemd-ask-password-console.path - Dispatch Password Requests to Console Directory Watch.
Nov 29 10:13:13 ip-172-31-28-17 systemd[1]: Stopped target slices.target - Slice Units.
Nov 29 10:13:13 ip-172-31-28-17 systemd[1]: Stopped target sockets.target - Socket Units.
Nov 29 10:13:13 ip-172-31-28-17 systemd[1]: Stopped target sysinit.target - System Initialization.
Nov 29 10:13:13 ip-172-31-28-17 systemd[1]: Stopped target swap.target - Swaps.
Nov 29 10:13:13 ip-172-31-28-17 systemd[1]: systemd-sysctl.service: Deactivated successfully.
Nov 29 10:13:13 ip-172-31-28-17 systemd[1]: Stopped systemd-sysctl.service - Apply Kernel Variables.
Nov 29 10:13:13 ip-172-31-28-17 audit[1]: SERVICE_STOP pid=1 uid=0 auid=4294967295 ses=4294967295 subj=kernel msg='unit=systemd-sysctl comm="systemd" exe="/usr/lib/systemd/systemd" hostname=? addr=? terminal=? res=success'
Nov 29 10:13:13 ip-172-31-28-17 systemd[1]: systemd-tmpfiles-setup.service: Deactivated successfully.
Nov 29 10:13:13 ip-172-31-28-17 systemd[1]: Stopped systemd-tmpfiles-setup.service - Create Volatile Files and Directories.
Nov 29 10:13:13 ip-172-31-28-17 audit[1]: SERVICE_STOP pid=1 uid=0 auid=4294967295 ses=4294967295 subj=kernel msg='unit=systemd-tmpfiles-setup comm="systemd" exe="/usr/lib/systemd/systemd" hostname=? addr=? terminal=? res=success'
Nov 29 10:13:13 ip-172-31-28-17 systemd[1]: Stopped target local-fs.target - Local File Systems.
Nov 29 10:13:13 ip-172-31-28-17 systemd[1]: systemd-udev-trigger.service: Deactivated successfully.
Nov 29 10:13:13 ip-172-31-28-17 systemd[1]: Stopped systemd-udev-trigger.service - Coldplug All udev Devices.
Nov 29 10:13:13 ip-172-31-28-17 audit[1]: SERVICE_STOP pid=1 uid=0 auid=4294967295 ses=4294967295 subj=kernel msg='unit=systemd-udev-trigger comm="systemd" exe="/usr/lib/systemd/systemd" hostname=? addr=? terminal=? res=success'
Nov 29 10:13:13 ip-172-31-28-17 systemd[1]: dracut-pre-trigger.service: Deactivated successfully.
Nov 29 10:13:13 ip-172-31-28-17 systemd[1]: Stopped dracut-pre-trigger.service - dracut pre-trigger hook.
Nov 29 10:13:13 ip-172-31-28-17 audit[1]: SERVICE_STOP pid=1 uid=0 auid=4294967295 ses=4294967295 subj=kernel msg='unit=dracut-pre-trigger comm="systemd" exe="/usr/lib/systemd/systemd" hostname=? addr=? terminal=? res=success'
Nov 29 10:13:13 ip-172-31-28-17 systemd[1]: Stopping systemd-udevd.service - Rule-based Manager for Device Events and Files...
Nov 29 10:13:13 ip-172-31-28-17 systemd[1]: systemd-udevd.service: Deactivated successfully.
Nov 29 10:13:13 ip-172-31-28-17 systemd[1]: Stopped systemd-udevd.service - Rule-based Manager for Device Events and Files.
Nov 29 10:13:13 ip-172-31-28-17 systemd[1]: systemd-udevd-control.socket: Deactivated successfully.
Nov 29 10:13:13 ip-172-31-28-17 systemd[1]: Closed systemd-udevd-control.socket - udev Control Socket.
Nov 29 10:13:13 ip-172-31-28-17 audit[1]: SERVICE_STOP pid=1 uid=0 auid=4294967295 ses=4294967295 subj=kernel msg='unit=systemd-udevd comm="systemd" exe="/usr/lib/systemd/systemd" hostname=? addr=? terminal=? res=success'
Nov 29 10:13:13 ip-172-31-28-17 systemd[1]: systemd-udevd-kernel.socket: Deactivated successfully.
Nov 29 10:13:13 ip-172-31-28-17 systemd[1]: Closed systemd-udevd-kernel.socket - udev Kernel Socket.
Nov 29 10:13:13 ip-172-31-28-17 audit[1]: SERVICE_STOP pid=1 uid=0 auid=4294967295 ses=4294967295 subj=kernel msg='unit=systemd-tmpfiles-setup-dev comm="systemd" exe="/usr/lib/systemd/systemd" hostname=? addr=? terminal=? res=success'
Nov 29 10:13:13 ip-172-31-28-17 audit[1]: SERVICE_STOP pid=1 uid=0 auid=4294967295 ses=4294967295 subj=kernel msg='unit=systemd-sysusers comm="systemd" exe="/usr/lib/systemd/systemd" hostname=? addr=? terminal=? res=success'
Nov 29 10:13:13 ip-172-31-28-17 systemd[1]: Starting initrd-udevadm-cleanup-db.service - Cleanup udev Database...
Nov 29 10:13:13 ip-172-31-28-17 systemd[1]: systemd-tmpfiles-setup-dev.service: Deactivated successfully.
Nov 29 10:13:13 ip-172-31-28-17 systemd[1]: Stopped systemd-tmpfiles-setup-dev.service - Create Static Device Nodes in /dev.
Nov 29 10:13:13 ip-172-31-28-17 systemd[1]: systemd-sysusers.service: Deactivated successfully.
Nov 29 10:13:13 ip-172-31-28-17 systemd[1]: Stopped systemd-sysusers.service - Create System Users.
Nov 29 10:13:13 ip-172-31-28-17 systemd[1]: initrd-udevadm-cleanup-db.service: Deactivated successfully.
Nov 29 10:13:13 ip-172-31-28-17 systemd[1]: Finished initrd-udevadm-cleanup-db.service - Cleanup udev Database.
Nov 29 10:13:13 ip-172-31-28-17 audit[1]: SERVICE_START pid=1 uid=0 auid=4294967295 ses=4294967295 subj=kernel msg='unit=initrd-udevadm-cleanup-db comm="systemd" exe="/usr/lib/systemd/systemd" hostname=? addr=? terminal=? res=success'
Nov 29 10:13:13 ip-172-31-28-17 audit[1]: SERVICE_STOP pid=1 uid=0 auid=4294967295 ses=4294967295 subj=kernel msg='unit=initrd-udevadm-cleanup-db comm="systemd" exe="/usr/lib/systemd/systemd" hostname=? addr=? terminal=? res=success'
Nov 29 10:13:13 ip-172-31-28-17 systemd[1]: Reached target initrd-switch-root.target - Switch Root.
Nov 29 10:13:13 ip-172-31-28-17 systemd[1]: Starting initrd-switch-root.service - Switch Root...
Nov 29 10:13:13 ip-172-31-28-17 systemd[1]: Switching root.
Nov 29 10:13:13 ip-172-31-28-17 systemd-journald[340]: Journal stopped
Nov 29 10:13:15 ip-172-31-28-17 systemd-journald[340]: Received SIGTERM from PID 1 (systemd).
Nov 29 10:13:15 ip-172-31-28-17 kernel: SELinux:  Class user_namespace not defined in policy.
Nov 29 10:13:15 ip-172-31-28-17 kernel: SELinux: the above unknown classes and permissions will be allowed
Nov 29 10:13:15 ip-172-31-28-17 kernel: SELinux:  policy capability network_peer_controls=1
Nov 29 10:13:15 ip-172-31-28-17 kernel: SELinux:  policy capability open_perms=1
Nov 29 10:13:15 ip-172-31-28-17 kernel: SELinux:  policy capability extended_socket_class=1
Nov 29 10:13:15 ip-172-31-28-17 kernel: SELinux:  policy capability always_check_network=0
Nov 29 10:13:15 ip-172-31-28-17 kernel: SELinux:  policy capability cgroup_seclabel=1
Nov 29 10:13:15 ip-172-31-28-17 kernel: SELinux:  policy capability nnp_nosuid_transition=1
Nov 29 10:13:15 ip-172-31-28-17 kernel: SELinux:  policy capability genfs_seclabel_symlinks=1
Nov 29 10:13:15 ip-172-31-28-17 kernel: SELinux:  policy capability ioctl_skip_cloexec=0
Nov 29 10:13:15 ip-172-31-28-17 systemd[1]: Successfully loaded SELinux policy in 156.306ms.
Nov 29 10:13:15 ip-172-31-28-17 systemd[1]: Relabelled /dev, /dev/shm, /run, /sys/fs/cgroup in 25.805ms.
Nov 29 10:13:15 ip-172-31-28-17 systemd[1]: systemd 252.23-8.amzn2023 running in system mode (+PAM +AUDIT +SELINUX -APPARMOR +IMA +SMACK +SECCOMP -GCRYPT -GNUTLS +OPENSSL +ACL +BLKID +CURL +ELFUTILS +FIDO2 +IDN2 -IDN -IPTC +KMOD +LIBCRYPTSETUP +LIBFDISK +PCRE2 +PWQUALITY +P11KIT +QRENCODE +TPM2 -BZIP2 -LZ4 +XZ +ZLIB -ZSTD +BPF_FRAMEWORK +XKBCOMMON +UTMP +SYSVINIT default-hierarchy=unified)
Nov 29 10:13:15 ip-172-31-28-17 systemd[1]: Detected virtualization amazon.
Nov 29 10:13:15 ip-172-31-28-17 systemd[1]: Detected architecture x86-64.
Nov 29 10:13:15 ip-172-31-28-17 systemd[1]: Hostname set to <ip-172-31-28-17.ec2.internal>.
Nov 29 10:13:15 ip-172-31-28-17 systemd[1]: bpf-lsm: LSM BPF program attached
Nov 29 10:13:15 ip-172-31-28-17 zram_generator::config[820]: zram0: system has too much memory (1901MB), limit is 800MB, ignoring.
Nov 29 10:13:15 ip-172-31-28-17 systemd[1]: /usr/lib/systemd/system/acpid.socket:6: ListenStream= references a path below legacy directory /var/run/, updating /var/run/acpid.socket  /run/acpid.socket; please update the unit file accordingly.
Nov 29 10:13:15 ip-172-31-28-17 systemd[1]: initrd-switch-root.service: Deactivated successfully.
Nov 29 10:13:15 ip-172-31-28-17 systemd[1]: Stopped initrd-switch-root.service - Switch Root.
Nov 29 10:13:15 ip-172-31-28-17 systemd[1]: systemd-journald.service: Scheduled restart job, restart counter is at 1.
Nov 29 10:13:15 ip-172-31-28-17 systemd[1]: Created slice system-getty.slice - Slice /system/getty.
Nov 29 10:13:15 ip-172-31-28-17 systemd[1]: Created slice system-modprobe.slice - Slice /system/modprobe.
Nov 29 10:13:15 ip-172-31-28-17 systemd[1]: Created slice system-serial\x2dgetty.slice - Slice /system/serial-getty.
Nov 29 10:13:15 ip-172-31-28-17 systemd[1]: Created slice system-sshd\x2dkeygen.slice - Slice /system/sshd-keygen.
Nov 29 10:13:15 ip-172-31-28-17 systemd[1]: Created slice user.slice - User and Session Slice.
Nov 29 10:13:15 ip-172-31-28-17 systemd[1]: Started systemd-ask-password-console.path - Dispatch Password Requests to Console Directory Watch.
Nov 29 10:13:15 ip-172-31-28-17 systemd[1]: Started systemd-ask-password-wall.path - Forward Password Requests to Wall Directory Watch.
Nov 29 10:13:15 ip-172-31-28-17 systemd[1]: Set up automount proc-sys-fs-binfmt_misc.automount - Arbitrary Executable File Formats File System Automount Point.
Nov 29 10:13:15 ip-172-31-28-17 systemd[1]: Expecting device dev-ttyS0.device - /dev/ttyS0...
Nov 29 10:13:15 ip-172-31-28-17 systemd[1]: Reached target aws-eb.target.
Nov 29 10:13:15 ip-172-31-28-17 systemd[1]: Reached target cryptsetup.target - Local Encrypted Volumes.
Nov 29 10:13:15 ip-172-31-28-17 systemd[1]: Stopped target initrd-switch-root.target - Switch Root.
Nov 29 10:13:15 ip-172-31-28-17 systemd[1]: Stopped target initrd-fs.target - Initrd File Systems.
Nov 29 10:13:15 ip-172-31-28-17 systemd[1]: Stopped target initrd-root-fs.target - Initrd Root File System.
Nov 29 10:13:15 ip-172-31-28-17 systemd[1]: Reached target integritysetup.target - Local Integrity Protected Volumes.
Nov 29 10:13:15 ip-172-31-28-17 systemd[1]: Reached target paths.target - Path Units.
Nov 29 10:13:15 ip-172-31-28-17 systemd[1]: Reached target slices.target - Slice Units.
Nov 29 10:13:15 ip-172-31-28-17 systemd[1]: Reached target swap.target - Swaps.
Nov 29 10:13:15 ip-172-31-28-17 systemd[1]: Reached target veritysetup.target - Local Verity Protected Volumes.
Nov 29 10:13:15 ip-172-31-28-17 systemd[1]: Listening on systemd-coredump.socket - Process Core Dump Socket.
Nov 29 10:13:15 ip-172-31-28-17 systemd[1]: Listening on systemd-initctl.socket - initctl Compatibility Named Pipe.
Nov 29 10:13:15 ip-172-31-28-17 systemd[1]: Listening on systemd-networkd.socket - Network Service Netlink Socket.
Nov 29 10:13:15 ip-172-31-28-17 systemd[1]: Listening on systemd-udevd-control.socket - udev Control Socket.
Nov 29 10:13:15 ip-172-31-28-17 systemd[1]: Listening on systemd-udevd-kernel.socket - udev Kernel Socket.
Nov 29 10:13:15 ip-172-31-28-17 systemd[1]: Listening on systemd-userdbd.socket - User Database Manager Socket.
Nov 29 10:13:15 ip-172-31-28-17 systemd[1]: Mounting dev-hugepages.mount - Huge Pages File System...
Nov 29 10:13:15 ip-172-31-28-17 systemd[1]: Mounting dev-mqueue.mount - POSIX Message Queue File System...
Nov 29 10:13:15 ip-172-31-28-17 systemd[1]: Mounting sys-kernel-debug.mount - Kernel Debug File System...
Nov 29 10:13:15 ip-172-31-28-17 systemd[1]: Mounting sys-kernel-tracing.mount - Kernel Trace File System...
Nov 29 10:13:15 ip-172-31-28-17 systemd[1]: Mounting tmp.mount - Temporary Directory /tmp...
Nov 29 10:13:15 ip-172-31-28-17 systemd[1]: auth-rpcgss-module.service - Kernel Module supporting RPCSEC_GSS was skipped because of an unmet condition check (ConditionPathExists=/etc/krb5.keytab).
Nov 29 10:13:15 ip-172-31-28-17 systemd[1]: Starting kmod-static-nodes.service - Create List of Static Device Nodes...
Nov 29 10:13:15 ip-172-31-28-17 systemd[1]: Starting modprobe@configfs.service - Load Kernel Module configfs...
Nov 29 10:13:15 ip-172-31-28-17 systemd[1]: Starting modprobe@dm_mod.service - Load Kernel Module dm_mod...
Nov 29 10:13:15 ip-172-31-28-17 systemd[1]: Starting modprobe@drm.service - Load Kernel Module drm...
Nov 29 10:13:15 ip-172-31-28-17 systemd[1]: Starting modprobe@efi_pstore.service - Load Kernel Module efi_pstore...
Nov 29 10:13:15 ip-172-31-28-17 systemd[1]: Starting modprobe@fuse.service - Load Kernel Module fuse...
Nov 29 10:13:15 ip-172-31-28-17 systemd[1]: Starting modprobe@loop.service - Load Kernel Module loop...
Nov 29 10:13:15 ip-172-31-28-17 systemd[1]: Starting nfs-convert.service - Preprocess NFS configuration convertion...
Nov 29 10:13:15 ip-172-31-28-17 systemd[1]: Starting systemd-fsck-root.service - File System Check on Root Device...
Nov 29 10:13:15 ip-172-31-28-17 systemd[1]: Stopped systemd-journald.service - Journal Service.
Nov 29 10:13:15 ip-172-31-28-17 systemd[1]: Starting systemd-journald.service - Journal Service...
Nov 29 10:13:15 ip-172-31-28-17 systemd[1]: systemd-modules-load.service - Load Kernel Modules was skipped because no trigger condition checks were met.
Nov 29 10:13:15 ip-172-31-28-17 systemd[1]: Starting systemd-network-generator.service - Generate network units from Kernel command line...
Nov 29 10:13:15 ip-172-31-28-17 systemd[1]: Starting systemd-sysctl.service - Apply Kernel Variables...
Nov 29 10:13:15 ip-172-31-28-17 systemd[1]: Starting systemd-udev-trigger.service - Coldplug All udev Devices...
Nov 29 10:13:15 ip-172-31-28-17 systemd[1]: Mounted dev-hugepages.mount - Huge Pages File System.
Nov 29 10:13:15 ip-172-31-28-17 systemd[1]: Mounted dev-mqueue.mount - POSIX Message Queue File System.
Nov 29 10:13:15 ip-172-31-28-17 systemd[1]: Mounted sys-kernel-debug.mount - Kernel Debug File System.
Nov 29 10:13:15 ip-172-31-28-17 systemd[1]: Mounted sys-kernel-tracing.mount - Kernel Trace File System.
Nov 29 10:13:15 ip-172-31-28-17 systemd[1]: Mounted tmp.mount - Temporary Directory /tmp.
Nov 29 10:13:15 ip-172-31-28-17 kernel: device-mapper: core: CONFIG_IMA_DISABLE_HTABLE is disabled. Duplicate IMA measurements will not be recorded in the IMA log.
Nov 29 10:13:15 ip-172-31-28-17 kernel: device-mapper: uevent: version 1.0.3
Nov 29 10:13:15 ip-172-31-28-17 kernel: device-mapper: ioctl: 4.47.0-ioctl (2022-07-28) initialised: dm-devel@redhat.com
Nov 29 10:13:15 ip-172-31-28-17 kernel: loop: module loaded
Nov 29 10:13:15 ip-172-31-28-17 systemd[1]: Finished kmod-static-nodes.service - Create List of Static Device Nodes.
Nov 29 10:13:15 ip-172-31-28-17 systemd[1]: modprobe@configfs.service: Deactivated successfully.
Nov 29 10:13:15 ip-172-31-28-17 kernel: fuse: init (API version 7.38)
Nov 29 10:13:15 ip-172-31-28-17 systemd-journald[842]: Journal started
Nov 29 10:13:15 ip-172-31-28-17 systemd-journald[842]: Runtime Journal (/run/log/journal/ec28cd156cce7634db72514682ab52d2) is 4.7M, max 38.0M, 33.2M free.
Nov 29 10:13:15 ip-172-31-28-17 audit: MAC_POLICY_LOAD auid=4294967295 ses=4294967295 lsm=selinux res=1
Nov 29 10:13:15 ip-172-31-28-17 audit: BPF prog-id=8 op=LOAD
Nov 29 10:13:15 ip-172-31-28-17 audit: BPF prog-id=8 op=UNLOAD
Nov 29 10:13:15 ip-172-31-28-17 audit: BPF prog-id=9 op=LOAD
Nov 29 10:13:15 ip-172-31-28-17 audit: BPF prog-id=9 op=UNLOAD
Nov 29 10:13:15 ip-172-31-28-17 audit: BPF prog-id=10 op=LOAD
Nov 29 10:13:15 ip-172-31-28-17 audit: BPF prog-id=10 op=UNLOAD
Nov 29 10:13:15 ip-172-31-28-17 audit: BPF prog-id=11 op=LOAD
Nov 29 10:13:15 ip-172-31-28-17 audit: BPF prog-id=11 op=UNLOAD
Nov 29 10:13:15 ip-172-31-28-17 audit: BPF prog-id=12 op=LOAD
Nov 29 10:13:15 ip-172-31-28-17 audit: BPF prog-id=12 op=UNLOAD
Nov 29 10:13:15 ip-172-31-28-17 audit: BPF prog-id=13 op=LOAD
Nov 29 10:13:15 ip-172-31-28-17 audit: BPF prog-id=13 op=UNLOAD
Nov 29 10:13:15 ip-172-31-28-17 audit: BPF prog-id=14 op=LOAD
Nov 29 10:13:15 ip-172-31-28-17 audit: BPF prog-id=15 op=LOAD
Nov 29 10:13:15 ip-172-31-28-17 audit: BPF prog-id=14 op=UNLOAD
Nov 29 10:13:15 ip-172-31-28-17 audit: BPF prog-id=15 op=UNLOAD
Nov 29 10:13:15 ip-172-31-28-17 audit: BPF prog-id=16 op=LOAD
Nov 29 10:13:15 ip-172-31-28-17 audit: BPF prog-id=16 op=UNLOAD
Nov 29 10:13:15 ip-172-31-28-17 audit: BPF prog-id=17 op=LOAD
Nov 29 10:13:15 ip-172-31-28-17 audit: BPF prog-id=17 op=UNLOAD
Nov 29 10:13:15 ip-172-31-28-17 audit: BPF prog-id=18 op=LOAD
Nov 29 10:13:15 ip-172-31-28-17 audit: BPF prog-id=18 op=UNLOAD
Nov 29 10:13:15 ip-172-31-28-17 audit: BPF prog-id=19 op=LOAD
Nov 29 10:13:15 ip-172-31-28-17 audit: BPF prog-id=19 op=UNLOAD
Nov 29 10:13:15 ip-172-31-28-17 audit: BPF prog-id=20 op=LOAD
Nov 29 10:13:15 ip-172-31-28-17 audit: BPF prog-id=21 op=LOAD
Nov 29 10:13:15 ip-172-31-28-17 audit: BPF prog-id=21 op=UNLOAD
Nov 29 10:13:15 ip-172-31-28-17 audit: BPF prog-id=22 op=LOAD
Nov 29 10:13:15 ip-172-31-28-17 audit: BPF prog-id=20 op=UNLOAD
Nov 29 10:13:15 ip-172-31-28-17 audit: BPF prog-id=22 op=UNLOAD
Nov 29 10:13:15 ip-172-31-28-17 audit: BPF prog-id=23 op=LOAD
Nov 29 10:13:15 ip-172-31-28-17 audit: BPF prog-id=23 op=UNLOAD
Nov 29 10:13:15 ip-172-31-28-17 audit: BPF prog-id=24 op=LOAD
Nov 29 10:13:15 ip-172-31-28-17 audit: BPF prog-id=24 op=UNLOAD
Nov 29 10:13:15 ip-172-31-28-17 audit: BPF prog-id=25 op=LOAD
Nov 29 10:13:15 ip-172-31-28-17 audit: BPF prog-id=25 op=UNLOAD
Nov 29 10:13:15 ip-172-31-28-17 audit: BPF prog-id=26 op=LOAD
Nov 29 10:13:15 ip-172-31-28-17 audit: BPF prog-id=26 op=UNLOAD
Nov 29 10:13:15 ip-172-31-28-17 audit: BPF prog-id=27 op=LOAD
Nov 29 10:13:15 ip-172-31-28-17 audit: BPF prog-id=28 op=LOAD
Nov 29 10:13:15 ip-172-31-28-17 audit: BPF prog-id=3 op=UNLOAD
Nov 29 10:13:15 ip-172-31-28-17 audit: BPF prog-id=29 op=LOAD
Nov 29 10:13:15 ip-172-31-28-17 audit: BPF prog-id=30 op=LOAD
Nov 29 10:13:15 ip-172-31-28-17 audit: BPF prog-id=4 op=UNLOAD
Nov 29 10:13:15 ip-172-31-28-17 audit: BPF prog-id=5 op=UNLOAD
Nov 29 10:13:15 ip-172-31-28-17 audit: BPF prog-id=31 op=LOAD
Nov 29 10:13:15 ip-172-31-28-17 audit: BPF prog-id=28 op=UNLOAD
Nov 29 10:13:15 ip-172-31-28-17 audit: BPF prog-id=32 op=LOAD
Nov 29 10:13:15 ip-172-31-28-17 audit: BPF prog-id=33 op=LOAD
Nov 29 10:13:15 ip-172-31-28-17 audit: BPF prog-id=29 op=UNLOAD
Nov 29 10:13:15 ip-172-31-28-17 audit: BPF prog-id=30 op=UNLOAD
Nov 29 10:13:15 ip-172-31-28-17 audit[1]: SERVICE_STOP pid=1 uid=0 auid=4294967295 ses=4294967295 subj=system_u:system_r:init_t:s0 msg='unit=systemd-journald comm="systemd" exe="/usr/lib/systemd/systemd" hostname=? addr=? terminal=? res=success'
Nov 29 10:13:15 ip-172-31-28-17 audit: BPF prog-id=31 op=UNLOAD
Nov 29 10:13:15 ip-172-31-28-17 audit[1]: SERVICE_START pid=1 uid=0 auid=4294967295 ses=4294967295 subj=system_u:system_r:init_t:s0 msg='unit=initrd-switch-root comm="systemd" exe="/usr/lib/systemd/systemd" hostname=? addr=? terminal=? res=success'
Nov 29 10:13:15 ip-172-31-28-17 audit[1]: SERVICE_STOP pid=1 uid=0 auid=4294967295 ses=4294967295 subj=system_u:system_r:init_t:s0 msg='unit=initrd-switch-root comm="systemd" exe="/usr/lib/systemd/systemd" hostname=? addr=? terminal=? res=success'
Nov 29 10:13:15 ip-172-31-28-17 audit[1]: SERVICE_START pid=1 uid=0 auid=4294967295 ses=4294967295 subj=system_u:system_r:init_t:s0 msg='unit=systemd-journald comm="systemd" exe="/usr/lib/systemd/systemd" hostname=? addr=? terminal=? res=success'
Nov 29 10:13:15 ip-172-31-28-17 audit[1]: SERVICE_STOP pid=1 uid=0 auid=4294967295 ses=4294967295 subj=system_u:system_r:init_t:s0 msg='unit=systemd-journald comm="systemd" exe="/usr/lib/systemd/systemd" hostname=? addr=? terminal=? res=success'
Nov 29 10:13:15 ip-172-31-28-17 audit: BPF prog-id=34 op=LOAD
Nov 29 10:13:15 ip-172-31-28-17 audit: BPF prog-id=35 op=LOAD
Nov 29 10:13:15 ip-172-31-28-17 audit: BPF prog-id=36 op=LOAD
Nov 29 10:13:15 ip-172-31-28-17 audit: BPF prog-id=33 op=UNLOAD
Nov 29 10:13:15 ip-172-31-28-17 audit: BPF prog-id=32 op=UNLOAD
Nov 29 10:13:15 ip-172-31-28-17 audit[1]: SERVICE_START pid=1 uid=0 auid=4294967295 ses=4294967295 subj=system_u:system_r:init_t:s0 msg='unit=kmod-static-nodes comm="systemd" exe="/usr/lib/systemd/systemd" hostname=? addr=? terminal=? res=success'
Nov 29 10:13:15 ip-172-31-28-17 audit: CONFIG_CHANGE op=set audit_enabled=1 old=1 auid=4294967295 ses=4294967295 subj=system_u:system_r:syslogd_t:s0 res=1
Nov 29 10:13:15 ip-172-31-28-17 audit[842]: SYSCALL arch=c000003e syscall=46 success=yes exit=60 a0=5 a1=7ffc68122070 a2=4000 a3=7ffc681220fc items=0 ppid=1 pid=842 auid=4294967295 uid=0 gid=0 euid=0 suid=0 fsuid=0 egid=0 sgid=0 fsgid=0 tty=(none) ses=4294967295 comm="systemd-journal" exe="/usr/lib/systemd/systemd-journald" subj=system_u:system_r:syslogd_t:s0 key=(null)
Nov 29 10:13:15 ip-172-31-28-17 audit: PROCTITLE proctitle="/usr/lib/systemd/systemd-journald"
Nov 29 10:13:15 ip-172-31-28-17 systemd[1]: Queued start job for default target graphical.target.
Nov 29 10:13:15 ip-172-31-28-17 systemd[1]: systemd-journald.service: Deactivated successfully.
Nov 29 10:13:15 ip-172-31-28-17 systemd[1]: Finished modprobe@configfs.service - Load Kernel Module configfs.
Nov 29 10:13:15 ip-172-31-28-17 systemd[1]: Started systemd-journald.service - Journal Service.
Nov 29 10:13:15 ip-172-31-28-17 audit[1]: SERVICE_START pid=1 uid=0 auid=4294967295 ses=4294967295 subj=system_u:system_r:init_t:s0 msg='unit=modprobe@configfs comm="systemd" exe="/usr/lib/systemd/systemd" hostname=? addr=? terminal=? res=success'
Nov 29 10:13:15 ip-172-31-28-17 audit[1]: SERVICE_STOP pid=1 uid=0 auid=4294967295 ses=4294967295 subj=system_u:system_r:init_t:s0 msg='unit=modprobe@configfs comm="systemd" exe="/usr/lib/systemd/systemd" hostname=? addr=? terminal=? res=success'
Nov 29 10:13:15 ip-172-31-28-17 systemd-fsck[872]: /usr/sbin/fsck.xfs: XFS file system.
Nov 29 10:13:15 ip-172-31-28-17 audit[1]: SERVICE_START pid=1 uid=0 auid=4294967295 ses=4294967295 subj=system_u:system_r:init_t:s0 msg='unit=systemd-journald comm="systemd" exe="/usr/lib/systemd/systemd" hostname=? addr=? terminal=? res=success'
Nov 29 10:13:15 ip-172-31-28-17 systemd[1]: modprobe@dm_mod.service: Deactivated successfully.
Nov 29 10:13:15 ip-172-31-28-17 audit[1]: SERVICE_START pid=1 uid=0 auid=4294967295 ses=4294967295 subj=system_u:system_r:init_t:s0 msg='unit=modprobe@dm_mod comm="systemd" exe="/usr/lib/systemd/systemd" hostname=? addr=? terminal=? res=success'
Nov 29 10:13:15 ip-172-31-28-17 audit[1]: SERVICE_STOP pid=1 uid=0 auid=4294967295 ses=4294967295 subj=system_u:system_r:init_t:s0 msg='unit=modprobe@dm_mod comm="systemd" exe="/usr/lib/systemd/systemd" hostname=? addr=? terminal=? res=success'
Nov 29 10:13:15 ip-172-31-28-17 systemd[1]: Finished modprobe@dm_mod.service - Load Kernel Module dm_mod.
Nov 29 10:13:15 ip-172-31-28-17 systemd[1]: modprobe@drm.service: Deactivated successfully.
Nov 29 10:13:15 ip-172-31-28-17 systemd[1]: Finished modprobe@drm.service - Load Kernel Module drm.
Nov 29 10:13:15 ip-172-31-28-17 audit[1]: SERVICE_START pid=1 uid=0 auid=4294967295 ses=4294967295 subj=system_u:system_r:init_t:s0 msg='unit=modprobe@drm comm="systemd" exe="/usr/lib/systemd/systemd" hostname=? addr=? terminal=? res=success'
Nov 29 10:13:15 ip-172-31-28-17 audit[1]: SERVICE_STOP pid=1 uid=0 auid=4294967295 ses=4294967295 subj=system_u:system_r:init_t:s0 msg='unit=modprobe@drm comm="systemd" exe="/usr/lib/systemd/systemd" hostname=? addr=? terminal=? res=success'
Nov 29 10:13:15 ip-172-31-28-17 systemd[1]: modprobe@efi_pstore.service: Deactivated successfully.
Nov 29 10:13:15 ip-172-31-28-17 systemd[1]: Finished modprobe@efi_pstore.service - Load Kernel Module efi_pstore.
Nov 29 10:13:15 ip-172-31-28-17 audit[1]: SERVICE_START pid=1 uid=0 auid=4294967295 ses=4294967295 subj=system_u:system_r:init_t:s0 msg='unit=modprobe@efi_pstore comm="systemd" exe="/usr/lib/systemd/systemd" hostname=? addr=? terminal=? res=success'
Nov 29 10:13:15 ip-172-31-28-17 audit[1]: SERVICE_STOP pid=1 uid=0 auid=4294967295 ses=4294967295 subj=system_u:system_r:init_t:s0 msg='unit=modprobe@efi_pstore comm="systemd" exe="/usr/lib/systemd/systemd" hostname=? addr=? terminal=? res=success'
Nov 29 10:13:15 ip-172-31-28-17 systemd[1]: modprobe@fuse.service: Deactivated successfully.
Nov 29 10:13:15 ip-172-31-28-17 systemd[1]: Finished modprobe@fuse.service - Load Kernel Module fuse.
Nov 29 10:13:15 ip-172-31-28-17 audit[1]: SERVICE_START pid=1 uid=0 auid=4294967295 ses=4294967295 subj=system_u:system_r:init_t:s0 msg='unit=modprobe@fuse comm="systemd" exe="/usr/lib/systemd/systemd" hostname=? addr=? terminal=? res=success'
Nov 29 10:13:15 ip-172-31-28-17 audit[1]: SERVICE_STOP pid=1 uid=0 auid=4294967295 ses=4294967295 subj=system_u:system_r:init_t:s0 msg='unit=modprobe@fuse comm="systemd" exe="/usr/lib/systemd/systemd" hostname=? addr=? terminal=? res=success'
Nov 29 10:13:15 ip-172-31-28-17 systemd[1]: modprobe@loop.service: Deactivated successfully.
Nov 29 10:13:15 ip-172-31-28-17 systemd[1]: Finished modprobe@loop.service - Load Kernel Module loop.
Nov 29 10:13:15 ip-172-31-28-17 audit[1]: SERVICE_START pid=1 uid=0 auid=4294967295 ses=4294967295 subj=system_u:system_r:init_t:s0 msg='unit=modprobe@loop comm="systemd" exe="/usr/lib/systemd/systemd" hostname=? addr=? terminal=? res=success'
Nov 29 10:13:15 ip-172-31-28-17 audit[1]: SERVICE_STOP pid=1 uid=0 auid=4294967295 ses=4294967295 subj=system_u:system_r:init_t:s0 msg='unit=modprobe@loop comm="systemd" exe="/usr/lib/systemd/systemd" hostname=? addr=? terminal=? res=success'
Nov 29 10:13:15 ip-172-31-28-17 systemd[1]: nfs-convert.service: Deactivated successfully.
Nov 29 10:13:15 ip-172-31-28-17 systemd[1]: Finished nfs-convert.service - Preprocess NFS configuration convertion.
Nov 29 10:13:15 ip-172-31-28-17 audit[1]: SERVICE_START pid=1 uid=0 auid=4294967295 ses=4294967295 subj=system_u:system_r:init_t:s0 msg='unit=nfs-convert comm="systemd" exe="/usr/lib/systemd/systemd" hostname=? addr=? terminal=? res=success'
Nov 29 10:13:15 ip-172-31-28-17 audit[1]: SERVICE_STOP pid=1 uid=0 auid=4294967295 ses=4294967295 subj=system_u:system_r:init_t:s0 msg='unit=nfs-convert comm="systemd" exe="/usr/lib/systemd/systemd" hostname=? addr=? terminal=? res=success'
Nov 29 10:13:15 ip-172-31-28-17 systemd[1]: Finished systemd-fsck-root.service - File System Check on Root Device.
Nov 29 10:13:15 ip-172-31-28-17 audit[1]: SERVICE_START pid=1 uid=0 auid=4294967295 ses=4294967295 subj=system_u:system_r:init_t:s0 msg='unit=systemd-fsck-root comm="systemd" exe="/usr/lib/systemd/systemd" hostname=? addr=? terminal=? res=success'
Nov 29 10:13:15 ip-172-31-28-17 systemd[1]: Finished systemd-network-generator.service - Generate network units from Kernel command line.
Nov 29 10:13:15 ip-172-31-28-17 audit[1]: SERVICE_START pid=1 uid=0 auid=4294967295 ses=4294967295 subj=system_u:system_r:init_t:s0 msg='unit=systemd-network-generator comm="systemd" exe="/usr/lib/systemd/systemd" hostname=? addr=? terminal=? res=success'
Nov 29 10:13:15 ip-172-31-28-17 systemd[1]: Finished systemd-sysctl.service - Apply Kernel Variables.
Nov 29 10:13:15 ip-172-31-28-17 audit[1]: SERVICE_START pid=1 uid=0 auid=4294967295 ses=4294967295 subj=system_u:system_r:init_t:s0 msg='unit=systemd-sysctl comm="systemd" exe="/usr/lib/systemd/systemd" hostname=? addr=? terminal=? res=success'
Nov 29 10:13:15 ip-172-31-28-17 systemd[1]: Finished systemd-udev-trigger.service - Coldplug All udev Devices.
Nov 29 10:13:15 ip-172-31-28-17 audit[1]: SERVICE_START pid=1 uid=0 auid=4294967295 ses=4294967295 subj=system_u:system_r:init_t:s0 msg='unit=systemd-udev-trigger comm="systemd" exe="/usr/lib/systemd/systemd" hostname=? addr=? terminal=? res=success'
Nov 29 10:13:15 ip-172-31-28-17 systemd[1]: Mounting sys-fs-fuse-connections.mount - FUSE Control File System...
Nov 29 10:13:15 ip-172-31-28-17 systemd[1]: Mounting sys-kernel-config.mount - Kernel Configuration File System...
Nov 29 10:13:15 ip-172-31-28-17 systemd[1]: Starting systemd-remount-fs.service - Remount Root and Kernel File Systems...
Nov 29 10:13:15 ip-172-31-28-17 systemd[1]: systemd-repart.service - Repartition Root Disk was skipped because no trigger condition checks were met.
Nov 29 10:13:15 ip-172-31-28-17 systemd[1]: Mounted sys-fs-fuse-connections.mount - FUSE Control File System.
Nov 29 10:13:15 ip-172-31-28-17 systemd[1]: Mounted sys-kernel-config.mount - Kernel Configuration File System.
Nov 29 10:13:15 ip-172-31-28-17 systemd[1]: Finished systemd-remount-fs.service - Remount Root and Kernel File Systems.
Nov 29 10:13:15 ip-172-31-28-17 audit[1]: SERVICE_START pid=1 uid=0 auid=4294967295 ses=4294967295 subj=system_u:system_r:init_t:s0 msg='unit=systemd-remount-fs comm="systemd" exe="/usr/lib/systemd/systemd" hostname=? addr=? terminal=? res=success'
Nov 29 10:13:15 ip-172-31-28-17 systemd[1]: systemd-firstboot.service - First Boot Wizard was skipped because of an unmet condition check (ConditionFirstBoot=yes).
Nov 29 10:13:15 ip-172-31-28-17 systemd[1]: systemd-hwdb-update.service - Rebuild Hardware Database was skipped because of an unmet condition check (ConditionNeedsUpdate=/etc).
Nov 29 10:13:15 ip-172-31-28-17 systemd[1]: Starting systemd-journal-flush.service - Flush Journal to Persistent Storage...
Nov 29 10:13:15 ip-172-31-28-17 systemd[1]: systemd-pstore.service - Platform Persistent Storage Archival was skipped because of an unmet condition check (ConditionDirectoryNotEmpty=/sys/fs/pstore).
Nov 29 10:13:15 ip-172-31-28-17 systemd[1]: Starting systemd-random-seed.service - Load/Save Random Seed...
Nov 29 10:13:15 ip-172-31-28-17 systemd[1]: systemd-sysusers.service - Create System Users was skipped because no trigger condition checks were met.
Nov 29 10:13:15 ip-172-31-28-17 systemd[1]: Starting systemd-tmpfiles-setup-dev.service - Create Static Device Nodes in /dev...
Nov 29 10:13:15 ip-172-31-28-17 systemd-journald[842]: Runtime Journal (/run/log/journal/ec28cd156cce7634db72514682ab52d2) is 4.7M, max 38.0M, 33.2M free.
Nov 29 10:13:15 ip-172-31-28-17 systemd-journald[842]: Received client request to flush runtime journal.
Nov 29 10:13:15 ip-172-31-28-17 systemd[1]: Finished systemd-journal-flush.service - Flush Journal to Persistent Storage.
Nov 29 10:13:15 ip-172-31-28-17 audit[1]: SERVICE_START pid=1 uid=0 auid=4294967295 ses=4294967295 subj=system_u:system_r:init_t:s0 msg='unit=systemd-journal-flush comm="systemd" exe="/usr/lib/systemd/systemd" hostname=? addr=? terminal=? res=success'
Nov 29 10:13:15 ip-172-31-28-17 systemd[1]: Finished systemd-random-seed.service - Load/Save Random Seed.
Nov 29 10:13:15 ip-172-31-28-17 audit[1]: SERVICE_START pid=1 uid=0 auid=4294967295 ses=4294967295 subj=system_u:system_r:init_t:s0 msg='unit=systemd-random-seed comm="systemd" exe="/usr/lib/systemd/systemd" hostname=? addr=? terminal=? res=success'
Nov 29 10:13:15 ip-172-31-28-17 systemd[1]: Finished systemd-tmpfiles-setup-dev.service - Create Static Device Nodes in /dev.
Nov 29 10:13:15 ip-172-31-28-17 audit[1]: SERVICE_START pid=1 uid=0 auid=4294967295 ses=4294967295 subj=system_u:system_r:init_t:s0 msg='unit=systemd-tmpfiles-setup-dev comm="systemd" exe="/usr/lib/systemd/systemd" hostname=? addr=? terminal=? res=success'
Nov 29 10:13:15 ip-172-31-28-17 systemd[1]: first-boot-complete.target - First Boot Complete was skipped because of an unmet condition check (ConditionFirstBoot=yes).
Nov 29 10:13:15 ip-172-31-28-17 systemd[1]: Reached target local-fs-pre.target - Preparation for Local File Systems.
Nov 29 10:13:15 ip-172-31-28-17 systemd[1]: Set up automount boot-efi.automount.
Nov 29 10:13:15 ip-172-31-28-17 systemd[1]: Reached target local-fs.target - Local File Systems.
Nov 29 10:13:15 ip-172-31-28-17 systemd[1]: import-state.service - Import network configuration from initramfs was skipped because of an unmet condition check (ConditionDirectoryNotEmpty=/run/initramfs/state).
Nov 29 10:13:15 ip-172-31-28-17 systemd[1]: ldconfig.service - Rebuild Dynamic Linker Cache was skipped because no trigger condition checks were met.
Nov 29 10:13:15 ip-172-31-28-17 systemd[1]: selinux-autorelabel-mark.service - Mark the need to relabel after reboot was skipped because of an unmet condition check (ConditionSecurity=!selinux).
Nov 29 10:13:15 ip-172-31-28-17 systemd[1]: systemd-binfmt.service - Set Up Additional Binary Formats was skipped because no trigger condition checks were met.
Nov 29 10:13:15 ip-172-31-28-17 systemd[1]: systemd-boot-system-token.service - Store a System Token in an EFI Variable was skipped because of an unmet condition check (ConditionPathExists=/sys/firmware/efi/efivars/LoaderFeatures-4a67b082-0a4c-41cf-b6c7-440b29bb8c4f).
Nov 29 10:13:15 ip-172-31-28-17 systemd[1]: Starting systemd-boot-update.service - Automatic Boot Loader Update...
Nov 29 10:13:15 ip-172-31-28-17 systemd[1]: systemd-machine-id-commit.service - Commit a transient machine-id on disk was skipped because of an unmet condition check (ConditionPathIsMountPoint=/etc/machine-id).
Nov 29 10:13:15 ip-172-31-28-17 systemd[1]: Starting systemd-tmpfiles-setup.service - Create Volatile Files and Directories...
Nov 29 10:13:15 ip-172-31-28-17 audit: BPF prog-id=37 op=LOAD
Nov 29 10:13:15 ip-172-31-28-17 audit: BPF prog-id=38 op=LOAD
Nov 29 10:13:15 ip-172-31-28-17 audit: BPF prog-id=6 op=UNLOAD
Nov 29 10:13:15 ip-172-31-28-17 audit: BPF prog-id=7 op=UNLOAD
Nov 29 10:13:15 ip-172-31-28-17 systemd[1]: Starting systemd-udevd.service - Rule-based Manager for Device Events and Files...
Nov 29 10:13:15 ip-172-31-28-17 systemd[1]: boot-efi.automount: Got automount request for /boot/efi, triggered by 1257 (bootctl)
Nov 29 10:13:15 ip-172-31-28-17 systemd[1]: Created slice system-systemd\x2dfsck.slice - Slice /system/systemd-fsck.
Nov 29 10:13:15 ip-172-31-28-17 systemd[1]: Expecting device dev-disk-by\x2duuid-9682\x2d52BE.device - /dev/disk/by-uuid/9682-52BE...
Nov 29 10:13:15 ip-172-31-28-17 systemd-udevd[1259]: Using default interface naming scheme 'v252'.
Nov 29 10:13:15 ip-172-31-28-17 audit[1]: SERVICE_START pid=1 uid=0 auid=4294967295 ses=4294967295 subj=system_u:system_r:init_t:s0 msg='unit=systemd-udevd comm="systemd" exe="/usr/lib/systemd/systemd" hostname=? addr=? terminal=? res=success'
Nov 29 10:13:15 ip-172-31-28-17 systemd[1]: Started systemd-udevd.service - Rule-based Manager for Device Events and Files.
Nov 29 10:13:15 ip-172-31-28-17 systemd[1]: Finished systemd-tmpfiles-setup.service - Create Volatile Files and Directories.
Nov 29 10:13:15 ip-172-31-28-17 audit[1]: SERVICE_START pid=1 uid=0 auid=4294967295 ses=4294967295 subj=system_u:system_r:init_t:s0 msg='unit=systemd-tmpfiles-setup comm="systemd" exe="/usr/lib/systemd/systemd" hostname=? addr=? terminal=? res=success'
Nov 29 10:13:16 ip-172-31-28-17 systemd[1]: Mounting var-lib-nfs-rpc_pipefs.mount - RPC Pipe File System...
Nov 29 10:13:16 ip-172-31-28-17 systemd[1]: Starting auditd.service - Security Auditing Service...
Nov 29 10:13:16 ip-172-31-28-17 audit: BPF prog-id=39 op=LOAD
Nov 29 10:13:16 ip-172-31-28-17 systemd[1]: systemd-journal-catalog-update.service - Rebuild Journal Catalog was skipped because of an unmet condition check (ConditionNeedsUpdate=/var).
Nov 29 10:13:16 ip-172-31-28-17 systemd[1]: Starting systemd-resolved.service - Network Name Resolution...
Nov 29 10:13:16 ip-172-31-28-17 systemd[1]: Condition check resulted in dev-ttyS0.device - /dev/ttyS0 being skipped.
Nov 29 10:13:16 ip-172-31-28-17 audit[1288]: AVC avc:  denied  { setattr } for  pid=1288 comm="auditd" name="audit" dev="nvme0n1p1" ino=2248325 scontext=system_u:system_r:auditd_t:s0 tcontext=system_u:object_r:var_log_t:s0 tclass=dir permissive=1
Nov 29 10:13:16 ip-172-31-28-17 audit[1288]: SYSCALL arch=c000003e syscall=90 success=yes exit=0 a0=55dbab8de9c0 a1=1c0 a2=55dbab8de9ce a3=1a4 items=0 ppid=1284 pid=1288 auid=4294967295 uid=0 gid=0 euid=0 suid=0 fsuid=0 egid=0 sgid=0 fsgid=0 tty=(none) ses=4294967295 comm="auditd" exe="/usr/sbin/auditd" subj=system_u:system_r:auditd_t:s0 key=(null)
Nov 29 10:13:16 ip-172-31-28-17 audit: PROCTITLE proctitle="/sbin/auditd"
Nov 29 10:13:16 ip-172-31-28-17 audit[1288]: AVC avc:  denied  { create } for  pid=1288 comm="auditd" name="audit.log" scontext=system_u:system_r:auditd_t:s0 tcontext=system_u:object_r:var_log_t:s0 tclass=file permissive=1
Nov 29 10:13:16 ip-172-31-28-17 audit[1288]: AVC avc:  denied  { read open } for  pid=1288 comm="auditd" path="/var/log/audit/audit.log" dev="nvme0n1p1" ino=2248342 scontext=system_u:system_r:auditd_t:s0 tcontext=system_u:object_r:var_log_t:s0 tclass=file permissive=1
Nov 29 10:13:16 ip-172-31-28-17 audit[1288]: SYSCALL arch=c000003e syscall=257 success=yes exit=5 a0=ffffff9c a1=55dbab8de750 a2=4c0 a3=1a0 items=4 ppid=1284 pid=1288 auid=4294967295 uid=0 gid=0 euid=0 suid=0 fsuid=0 egid=0 sgid=0 fsgid=0 tty=(none) ses=4294967295 comm="auditd" exe="/usr/sbin/auditd" subj=system_u:system_r:auditd_t:s0 key=(null)
Nov 29 10:13:16 ip-172-31-28-17 audit: CWD cwd="/"
Nov 29 10:13:16 ip-172-31-28-17 audit: PATH item=0 name=(null) inode=2248325 dev=103:01 mode=040700 ouid=0 ogid=0 rdev=00:00 obj=system_u:object_r:var_log_t:s0 nametype=PARENT cap_fp=0 cap_fi=0 cap_fe=0 cap_fver=0 cap_frootid=0
Nov 29 10:13:16 ip-172-31-28-17 audit: PATH item=1 name=(null) nametype=CREATE cap_fp=0 cap_fi=0 cap_fe=0 cap_fver=0 cap_frootid=0
Nov 29 10:13:16 ip-172-31-28-17 audit: PATH item=2 name=(null) inode=2248325 dev=103:01 mode=040700 ouid=0 ogid=0 rdev=00:00 obj=system_u:object_r:var_log_t:s0 nametype=PARENT cap_fp=0 cap_fi=0 cap_fe=0 cap_fver=0 cap_frootid=0
Nov 29 10:13:16 ip-172-31-28-17 audit: PATH item=3 name=(null) inode=2248342 dev=103:01 mode=0100640 ouid=0 ogid=0 rdev=00:00 obj=system_u:object_r:var_log_t:s0 nametype=CREATE cap_fp=0 cap_fi=0 cap_fe=0 cap_fver=0 cap_frootid=0
Nov 29 10:13:16 ip-172-31-28-17 audit: PROCTITLE proctitle="/sbin/auditd"
Nov 29 10:13:16 ip-172-31-28-17 audit[1288]: AVC avc:  denied  { setattr } for  pid=1288 comm="auditd" name="audit.log" dev="nvme0n1p1" ino=2248342 scontext=system_u:system_r:auditd_t:s0 tcontext=system_u:object_r:var_log_t:s0 tclass=file permissive=1
Nov 29 10:13:16 ip-172-31-28-17 audit[1288]: SYSCALL arch=c000003e syscall=91 success=yes exit=0 a0=5 a1=180 a2=0 a3=0 items=0 ppid=1284 pid=1288 auid=4294967295 uid=0 gid=0 euid=0 suid=0 fsuid=0 egid=0 sgid=0 fsgid=0 tty=(none) ses=4294967295 comm="auditd" exe="/usr/sbin/auditd" subj=system_u:system_r:auditd_t:s0 key=(null)
Nov 29 10:13:16 ip-172-31-28-17 audit: PROCTITLE proctitle="/sbin/auditd"
Nov 29 10:13:16 ip-172-31-28-17 auditd[1288]: No plugins found, not dispatching events
Nov 29 10:13:16 ip-172-31-28-17 audit: CONFIG_CHANGE op=set audit_enabled=1 old=1 auid=4294967295 ses=4294967295 subj=system_u:system_r:auditd_t:s0 res=1
Nov 29 10:13:16 ip-172-31-28-17 audit[1288]: SYSCALL arch=c000003e syscall=44 success=yes exit=60 a0=3 a1=7ffde5c6d090 a2=3c a3=0 items=0 ppid=1284 pid=1288 auid=4294967295 uid=0 gid=0 euid=0 suid=0 fsuid=0 egid=0 sgid=0 fsgid=0 tty=(none) ses=4294967295 comm="auditd" exe="/usr/sbin/auditd" subj=system_u:system_r:auditd_t:s0 key=(null)
Nov 29 10:13:16 ip-172-31-28-17 audit: PROCTITLE proctitle="/sbin/auditd"
Nov 29 10:13:16 ip-172-31-28-17 audit: CONFIG_CHANGE op=set audit_pid=1288 old=0 auid=4294967295 ses=4294967295 subj=system_u:system_r:auditd_t:s0 res=1
Nov 29 10:13:16 ip-172-31-28-17 audit[1288]: SYSCALL arch=c000003e syscall=44 success=yes exit=60 a0=3 a1=7ffde5c6ad40 a2=3c a3=0 items=0 ppid=1284 pid=1288 auid=4294967295 uid=0 gid=0 euid=0 suid=0 fsuid=0 egid=0 sgid=0 fsgid=0 tty=(none) ses=4294967295 comm="auditd" exe="/usr/sbin/auditd" subj=system_u:system_r:auditd_t:s0 key=(null)
Nov 29 10:13:16 ip-172-31-28-17 audit: PROCTITLE proctitle="/sbin/auditd"
Nov 29 10:13:16 ip-172-31-28-17 auditd[1288]: Init complete, auditd 3.1.5 listening for events (startup state enable)
Nov 29 10:13:16 ip-172-31-28-17 kernel: RPC: Registered named UNIX socket transport module.
Nov 29 10:13:16 ip-172-31-28-17 kernel: RPC: Registered udp transport module.
Nov 29 10:13:16 ip-172-31-28-17 kernel: RPC: Registered tcp transport module.
Nov 29 10:13:16 ip-172-31-28-17 kernel: RPC: Registered tcp NFSv4.1 backchannel transport module.
Nov 29 10:13:16 ip-172-31-28-17 systemd[1]: Mounted var-lib-nfs-rpc_pipefs.mount - RPC Pipe File System.
Nov 29 10:13:16 ip-172-31-28-17 systemd[1]: Reached target rpc_pipefs.target.
Nov 29 10:13:16 ip-172-31-28-17 kernel: input: Power Button as /devices/LNXSYSTM:00/LNXPWRBN:00/input/input0
Nov 29 10:13:16 ip-172-31-28-17 systemd-resolved[1285]: Positive Trust Anchors:
Nov 29 10:13:16 ip-172-31-28-17 systemd-resolved[1285]: . IN DS 20326 8 2 e06d44b80b8f1d39a95c0b0d7c65d08458e880409bbc683457104237c7f8ec8d
Nov 29 10:13:16 ip-172-31-28-17 systemd-resolved[1285]: Negative trust anchors: home.arpa 10.in-addr.arpa 16.172.in-addr.arpa 17.172.in-addr.arpa 18.172.in-addr.arpa 19.172.in-addr.arpa 20.172.in-addr.arpa 21.172.in-addr.arpa 22.172.in-addr.arpa 23.172.in-addr.arpa 24.172.in-addr.arpa 25.172.in-addr.arpa 26.172.in-addr.arpa 27.172.in-addr.arpa 28.172.in-addr.arpa 29.172.in-addr.arpa 30.172.in-addr.arpa 31.172.in-addr.arpa 168.192.in-addr.arpa d.f.ip6.arpa corp home internal intranet lan local private test
Nov 29 10:13:16 ip-172-31-28-17 augenrules[1291]: /sbin/augenrules: No change
Nov 29 10:13:16 ip-172-31-28-17 kernel: ena 0000:00:05.0: Elastic Network Adapter (ENA) v2.15.0g
Nov 29 10:13:16 ip-172-31-28-17 kernel: i8042: PNP: PS/2 Controller [PNP0303:KBD,PNP0f13:MOU] at 0x60,0x64 irq 1,12
Nov 29 10:13:16 ip-172-31-28-17 kernel: i8042: Warning: Keylock active
Nov 29 10:13:16 ip-172-31-28-17 kernel: ACPI: button: Power Button [PWRF]
Nov 29 10:13:16 ip-172-31-28-17 kernel: input: Sleep Button as /devices/LNXSYSTM:00/LNXSLPBN:00/input/input1
Nov 29 10:13:16 ip-172-31-28-17 kernel: ACPI: button: Sleep Button [SLPF]
Nov 29 10:13:16 ip-172-31-28-17 kernel: serio: i8042 KBD port at 0x60,0x64 irq 1
Nov 29 10:13:16 ip-172-31-28-17 kernel: serio: i8042 AUX port at 0x60,0x64 irq 12
Nov 29 10:13:16 ip-172-31-28-17 kernel: ena 0000:00:05.0: ENA device version: 0.10
Nov 29 10:13:16 ip-172-31-28-17 kernel: ena 0000:00:05.0: ENA controller version: 0.0.1 implementation version 1
Nov 29 10:13:16 ip-172-31-28-17 kernel: ena 0000:00:05.0: LLQ is not supported Fallback to host mode policy.
Nov 29 10:13:16 ip-172-31-28-17 kernel: ena 0000:00:05.0: Elastic Network Adapter (ENA) found at mem 80400000, mac addr 0e:e6:30:98:b4:ff
Nov 29 10:13:16 ip-172-31-28-17 audit: CONFIG_CHANGE auid=4294967295 ses=4294967295 subj=system_u:system_r:unconfined_service_t:s0 op=add_rule key=(null) list=1 res=1
Nov 29 10:13:16 ip-172-31-28-17 audit[1334]: SYSCALL arch=c000003e syscall=44 success=yes exit=1056 a0=3 a1=7ffe04eda550 a2=420 a3=0 items=0 ppid=1291 pid=1334 auid=4294967295 uid=0 gid=0 euid=0 suid=0 fsuid=0 egid=0 sgid=0 fsgid=0 tty=(none) ses=4294967295 comm="auditctl" exe="/usr/sbin/auditctl" subj=system_u:system_r:unconfined_service_t:s0 key=(null)
Nov 29 10:13:16 ip-172-31-28-17 audit: PROCTITLE proctitle=2F7362696E2F617564697463746C002D52002F6574632F61756469742F61756469742E72756C6573
Nov 29 10:13:16 ip-172-31-28-17 audit[1]: SERVICE_START pid=1 uid=0 auid=4294967295 ses=4294967295 subj=system_u:system_r:init_t:s0 msg='unit=auditd comm="systemd" exe="/usr/lib/systemd/systemd" hostname=? addr=? terminal=? res=success'
Nov 29 10:13:16 ip-172-31-28-17 audit[1]: SERVICE_START pid=1 uid=0 auid=4294967295 ses=4294967295 subj=system_u:system_r:init_t:s0 msg='unit=systemd-resolved comm="systemd" exe="/usr/lib/systemd/systemd" hostname=? addr=? terminal=? res=success'
Nov 29 10:13:16 ip-172-31-28-17 audit[1338]: SYSTEM_BOOT pid=1338 uid=0 auid=4294967295 ses=4294967295 subj=system_u:system_r:init_t:s0 msg=' comm="systemd-update-utmp" exe="/usr/lib/systemd/systemd-update-utmp" hostname=? addr=? terminal=? res=success'
Nov 29 10:13:16 ip-172-31-28-17 audit[1]: SERVICE_START pid=1 uid=0 auid=4294967295 ses=4294967295 subj=system_u:system_r:init_t:s0 msg='unit=systemd-update-utmp comm="systemd" exe="/usr/lib/systemd/systemd" hostname=? addr=? terminal=? res=success'
Nov 29 10:13:16 ip-172-31-28-17 augenrules[1334]: No rules
Nov 29 10:13:16 ip-172-31-28-17 systemd[1]: Started auditd.service - Security Auditing Service.
Nov 29 10:13:16 ip-172-31-28-17 systemd-resolved[1285]: Using system hostname 'ip-172-31-28-17.ec2.internal'.
Nov 29 10:13:16 ip-172-31-28-17 systemd[1]: Starting systemd-update-utmp.service - Record System Boot/Shutdown in UTMP...
Nov 29 10:13:16 ip-172-31-28-17 systemd[1]: Started systemd-resolved.service - Network Name Resolution.
Nov 29 10:13:16 ip-172-31-28-17 systemd[1]: Reached target nss-lookup.target - Host and Network Name Lookups.
Nov 29 10:13:16 ip-172-31-28-17 systemd[1]: Finished systemd-update-utmp.service - Record System Boot/Shutdown in UTMP.
Nov 29 10:13:16 ip-172-31-28-17 kernel: ena 0000:00:05.0 ens5: renamed from eth0
Nov 29 10:13:16 ip-172-31-28-17 systemd[1]: Reloading.
Nov 29 10:13:16 ip-172-31-28-17 zram_generator::config[1398]: zram0: system has too much memory (1901MB), limit is 800MB, ignoring.
Nov 29 10:13:16 ip-172-31-28-17 systemd[1]: /usr/lib/systemd/system/acpid.socket:6: ListenStream= references a path below legacy directory /var/run/, updating /var/run/acpid.socket  /run/acpid.socket; please update the unit file accordingly.
Nov 29 10:13:16 ip-172-31-28-17 systemd[1]: Condition check resulted in dev-disk-by\x2duuid-9682\x2d52BE.device - Amazon Elastic Block Store EFI\x20System\x20Partition being skipped.
Nov 29 10:13:16 ip-172-31-28-17 audit: BPF prog-id=40 op=LOAD
Nov 29 10:13:16 ip-172-31-28-17 audit: BPF prog-id=39 op=UNLOAD
Nov 29 10:13:16 ip-172-31-28-17 audit: BPF prog-id=41 op=LOAD
Nov 29 10:13:16 ip-172-31-28-17 audit: BPF prog-id=34 op=UNLOAD
Nov 29 10:13:16 ip-172-31-28-17 audit: BPF prog-id=42 op=LOAD
Nov 29 10:13:16 ip-172-31-28-17 audit: BPF prog-id=43 op=LOAD
Nov 29 10:13:16 ip-172-31-28-17 audit: BPF prog-id=35 op=UNLOAD
Nov 29 10:13:16 ip-172-31-28-17 audit: BPF prog-id=36 op=UNLOAD
Nov 29 10:13:16 ip-172-31-28-17 audit: BPF prog-id=44 op=LOAD
Nov 29 10:13:16 ip-172-31-28-17 audit: BPF prog-id=45 op=LOAD
Nov 29 10:13:16 ip-172-31-28-17 audit: BPF prog-id=37 op=UNLOAD
Nov 29 10:13:16 ip-172-31-28-17 audit: BPF prog-id=38 op=UNLOAD
Nov 29 10:13:16 ip-172-31-28-17 systemd[1]: Created slice system-policy\x2droutes.slice - Slice /system/policy-routes.
Nov 29 10:13:16 ip-172-31-28-17 systemd[1]: import-state.service - Import network configuration from initramfs was skipped because of an unmet condition check (ConditionDirectoryNotEmpty=/run/initramfs/state).
Nov 29 10:13:16 ip-172-31-28-17 systemd[1]: ldconfig.service - Rebuild Dynamic Linker Cache was skipped because no trigger condition checks were met.
Nov 29 10:13:16 ip-172-31-28-17 systemd[1]: Starting modprobe@dm_mod.service - Load Kernel Module dm_mod...
Nov 29 10:13:16 ip-172-31-28-17 systemd[1]: Starting modprobe@efi_pstore.service - Load Kernel Module efi_pstore...
Nov 29 10:13:16 ip-172-31-28-17 systemd[1]: Starting modprobe@loop.service - Load Kernel Module loop...
Nov 29 10:13:16 ip-172-31-28-17 systemd[1]: selinux-autorelabel-mark.service - Mark the need to relabel after reboot was skipped because of an unmet condition check (ConditionSecurity=!selinux).
Nov 29 10:13:16 ip-172-31-28-17 systemd[1]: systemd-binfmt.service - Set Up Additional Binary Formats was skipped because no trigger condition checks were met.
Nov 29 10:13:16 ip-172-31-28-17 systemd[1]: systemd-boot-system-token.service - Store a System Token in an EFI Variable was skipped because of an unmet condition check (ConditionPathExists=/sys/firmware/efi/efivars/LoaderFeatures-4a67b082-0a4c-41cf-b6c7-440b29bb8c4f).
